2026-03-24T21:26:58.474Z - info:   [17312] *** FOLDER: c:\Users\aharo\Kosstech\OneDrive - Strategic Integration Technologies\AI Navigator LWC\ReactFiles\AI-NavLWC ***
2026-03-24T21:26:58.476Z - info:   [17312] AzureReposVSCode/1.161.0 (VSCode 1.112.0; Windows_NT 10.0.26200; Node 22.22.0)
2026-03-24T21:26:58.477Z - debug:  [17312] Looking for an External Context at c:\Users\aharo\Kosstech\OneDrive - Strategic Integration Technologies\AI Navigator LWC\ReactFiles\AI-NavLWC
2026-03-24T21:26:58.477Z - debug:  [17312] No External Context at c:\Users\aharo\Kosstech\OneDrive - Strategic Integration Technologies\AI Navigator LWC\ReactFiles\AI-NavLWC
2026-03-24T21:26:58.479Z - debug:  [17312] Looking for TFVC repository at c:\Users\aharo\Kosstech\OneDrive - Strategic Integration Technologies\AI Navigator LWC\ReactFiles\AI-NavLWC
2026-03-24T21:26:58.480Z - debug:  [17312] TFVC Creating Tfvc object with localPath='undefined'
2026-03-24T21:26:58.481Z - debug:  [17312] Using TFS proxy: 
2026-03-24T21:26:58.481Z - debug:  [17312] TFVC Retrieved from settings; localPath='C:\TEE\TEE-CLC-14.114.0\tf.cmd'
2026-03-24T21:26:58.484Z - debug:  [17312] TFVC Repository created with repositoryRootFolder='c:\Users\aharo\Kosstech\OneDrive - Strategic Integration Technologies\AI Navigator LWC\ReactFiles\AI-NavLWC'
2026-03-24T21:26:58.486Z - debug:  [17312] TFVC Repository.CheckVersion
2026-03-24T21:26:58.487Z - debug:  [17312] TFVC: tf add -noprompt -?
2026-03-24T21:26:58.489Z - error:  [17312] spawn EINVAL
2026-03-24T21:40:50.183Z - info:   [25244] *** FOLDER: c:\Users\aharo\Kosstech\OneDrive - Strategic Integration Technologies\AI Navigator LWC\ReactFiles\AI-NavLWC ***
2026-03-24T21:40:50.185Z - info:   [25244] AzureReposVSCode/1.161.0 (VSCode 1.112.0; Windows_NT 10.0.26200; Node 22.22.0)
2026-03-24T21:40:50.186Z - debug:  [25244] Looking for an External Context at c:\Users\aharo\Kosstech\OneDrive - Strategic Integration Technologies\AI Navigator LWC\ReactFiles\AI-NavLWC
2026-03-24T21:40:50.187Z - debug:  [25244] No External Context at c:\Users\aharo\Kosstech\OneDrive - Strategic Integration Technologies\AI Navigator LWC\ReactFiles\AI-NavLWC
2026-03-24T21:40:50.191Z - debug:  [25244] Looking for TFVC repository at c:\Users\aharo\Kosstech\OneDrive - Strategic Integration Technologies\AI Navigator LWC\ReactFiles\AI-NavLWC
2026-03-24T21:40:50.192Z - debug:  [25244] TFVC Creating Tfvc object with localPath='undefined'
2026-03-24T21:40:50.193Z - debug:  [25244] Using TFS proxy: 
2026-03-24T21:40:50.194Z - debug:  [25244] TFVC Retrieved from settings; localPath='C:\TEE\TEE-CLC-14.114.0\tf.cmd'
2026-03-24T21:40:50.198Z - debug:  [25244] TFVC Repository created with repositoryRootFolder='c:\Users\aharo\Kosstech\OneDrive - Strategic Integration Technologies\AI Navigator LWC\ReactFiles\AI-NavLWC'
2026-03-24T21:40:50.200Z - debug:  [25244] TFVC Repository.CheckVersion
2026-03-24T21:40:50.201Z - debug:  [25244] TFVC: tf add -noprompt -?
2026-03-24T21:40:50.205Z - error:  [25244] spawn EINVAL
2026-03-25T13:09:29.993Z - info:   [25564] *** FOLDER: c:\Users\aharo\Kosstech\OneDrive - Strategic Integration Technologies\AI Navigator LWC\ReactFiles\AI-NavLWC ***
2026-03-25T13:09:29.995Z - info:   [25564] AzureReposVSCode/1.161.0 (VSCode 1.112.0; Windows_NT 10.0.26200; Node 22.22.0)
2026-03-25T13:09:29.995Z - debug:  [25564] Looking for an External Context at c:\Users\aharo\Kosstech\OneDrive - Strategic Integration Technologies\AI Navigator LWC\ReactFiles\AI-NavLWC
2026-03-25T13:09:29.996Z - debug:  [25564] No External Context at c:\Users\aharo\Kosstech\OneDrive - Strategic Integration Technologies\AI Navigator LWC\ReactFiles\AI-NavLWC
2026-03-25T13:09:30.000Z - debug:  [25564] Looking for TFVC repository at c:\Users\aharo\Kosstech\OneDrive - Strategic Integration Technologies\AI Navigator LWC\ReactFiles\AI-NavLWC
2026-03-25T13:09:30.001Z - debug:  [25564] TFVC Creating Tfvc object with localPath='undefined'
2026-03-25T13:09:30.003Z - debug:  [25564] Using TFS proxy: 
2026-03-25T13:09:30.005Z - debug:  [25564] TFVC Retrieved from settings; localPath='C:\TEE\TEE-CLC-14.114.0\tf.cmd'
2026-03-25T13:09:30.008Z - debug:  [25564] TFVC Repository created with repositoryRootFolder='c:\Users\aharo\Kosstech\OneDrive - Strategic Integration Technologies\AI Navigator LWC\ReactFiles\AI-NavLWC'
2026-03-25T13:09:30.009Z - debug:  [25564] TFVC Repository.CheckVersion
2026-03-25T13:09:30.011Z - debug:  [25564] TFVC: tf add -noprompt -?
2026-03-25T13:09:30.017Z - error:  [25564] spawn EINVAL
2026-03-26T20:12:22.524Z - info:   [16076] *** FOLDER: c:\Users\aharo\Kosstech\OneDrive - Strategic Integration Technologies\AI Navigator LWC\ReactFiles\AI-NavLWC ***
2026-03-26T20:12:22.526Z - info:   [16076] AzureReposVSCode/1.161.0 (VSCode 1.113.0; Windows_NT 10.0.26200; Node 22.22.1)
2026-03-26T20:12:22.527Z - debug:  [16076] Looking for an External Context at c:\Users\aharo\Kosstech\OneDrive - Strategic Integration Technologies\AI Navigator LWC\ReactFiles\AI-NavLWC
2026-03-26T20:12:22.527Z - debug:  [16076] No External Context at c:\Users\aharo\Kosstech\OneDrive - Strategic Integration Technologies\AI Navigator LWC\ReactFiles\AI-NavLWC
2026-03-26T20:12:22.530Z - debug:  [16076] Looking for TFVC repository at c:\Users\aharo\Kosstech\OneDrive - Strategic Integration Technologies\AI Navigator LWC\ReactFiles\AI-NavLWC
2026-03-26T20:12:22.531Z - debug:  [16076] TFVC Creating Tfvc object with localPath='undefined'
2026-03-26T20:12:22.533Z - debug:  [16076] Using TFS proxy: 
2026-03-26T20:12:22.534Z - debug:  [16076] TFVC Retrieved from settings; localPath='C:\TEE\TEE-CLC-14.114.0\tf.cmd'
2026-03-26T20:12:22.539Z - debug:  [16076] TFVC Repository created with repositoryRootFolder='c:\Users\aharo\Kosstech\OneDrive - Strategic Integration Technologies\AI Navigator LWC\ReactFiles\AI-NavLWC'
2026-03-26T20:12:22.542Z - debug:  [16076] TFVC Repository.CheckVersion
2026-03-26T20:12:22.543Z - debug:  [16076] TFVC: tf add -noprompt -?
2026-03-26T20:12:22.547Z - error:  [16076] spawn EINVAL
2026-03-28T04:20:34.410Z - info:   [03240] *** FOLDER: c:\Users\aharo\Kosstech\OneDrive - Strategic Integration Technologies\AI Navigator LWC\ReactFiles\AI-NavLWC ***
2026-03-28T04:20:34.416Z - info:   [03240] AzureReposVSCode/1.161.0 (VSCode 1.113.0; Windows_NT 10.0.26200; Node 22.22.1)
2026-03-28T04:20:34.418Z - debug:  [03240] Looking for an External Context at c:\Users\aharo\Kosstech\OneDrive - Strategic Integration Technologies\AI Navigator LWC\ReactFiles\AI-NavLWC
2026-03-28T04:20:34.419Z - debug:  [03240] No External Context at c:\Users\aharo\Kosstech\OneDrive - Strategic Integration Technologies\AI Navigator LWC\ReactFiles\AI-NavLWC
2026-03-28T04:20:34.428Z - debug:  [03240] Looking for TFVC repository at c:\Users\aharo\Kosstech\OneDrive - Strategic Integration Technologies\AI Navigator LWC\ReactFiles\AI-NavLWC
2026-03-28T04:20:34.430Z - debug:  [03240] TFVC Creating Tfvc object with localPath='undefined'
2026-03-28T04:20:34.433Z - debug:  [03240] Using TFS proxy: 
2026-03-28T04:20:34.435Z - debug:  [03240] TFVC Retrieved from settings; localPath='C:\TEE\TEE-CLC-14.114.0\tf.cmd'
2026-03-28T04:20:34.442Z - debug:  [03240] TFVC Repository created with repositoryRootFolder='c:\Users\aharo\Kosstech\OneDrive - Strategic Integration Technologies\AI Navigator LWC\ReactFiles\AI-NavLWC'
2026-03-28T04:20:34.446Z - debug:  [03240] TFVC Repository.CheckVersion
2026-03-28T04:20:34.448Z - debug:  [03240] TFVC: tf add -noprompt -?
2026-03-28T04:20:34.459Z - error:  [03240] spawn EINVAL
2026-03-30T17:18:13.346Z - info:   [21916] *** FOLDER: c:\Users\aharo\Kosstech\OneDrive - Strategic Integration Technologies\AI Navigator LWC\ReactFiles\AI-NavLWC ***
2026-03-30T17:18:13.347Z - info:   [21916] AzureReposVSCode/1.161.0 (VSCode 1.113.0; Windows_NT 10.0.26200; Node 22.22.1)
2026-03-30T17:18:13.347Z - debug:  [21916] Looking for an External Context at c:\Users\aharo\Kosstech\OneDrive - Strategic Integration Technologies\AI Navigator LWC\ReactFiles\AI-NavLWC
2026-03-30T17:18:13.348Z - debug:  [21916] No External Context at c:\Users\aharo\Kosstech\OneDrive - Strategic Integration Technologies\AI Navigator LWC\ReactFiles\AI-NavLWC
2026-03-30T17:18:13.350Z - debug:  [21916] Looking for TFVC repository at c:\Users\aharo\Kosstech\OneDrive - Strategic Integration Technologies\AI Navigator LWC\ReactFiles\AI-NavLWC
2026-03-30T17:18:13.351Z - debug:  [21916] TFVC Creating Tfvc object with localPath='undefined'
2026-03-30T17:18:13.352Z - debug:  [21916] Using TFS proxy: 
2026-03-30T17:18:13.352Z - debug:  [21916] TFVC Retrieved from settings; localPath='C:\TEE\TEE-CLC-14.114.0\tf.cmd'
2026-03-30T17:18:13.364Z - debug:  [21916] TFVC Repository created with repositoryRootFolder='c:\Users\aharo\Kosstech\OneDrive - Strategic Integration Technologies\AI Navigator LWC\ReactFiles\AI-NavLWC'
2026-03-30T17:18:13.366Z - debug:  [21916] TFVC Repository.CheckVersion
2026-03-30T17:18:13.367Z - debug:  [21916] TFVC: tf add -noprompt -?
2026-03-30T17:18:13.370Z - error:  [21916] spawn EINVAL
2026-03-31T15:48:20.420Z - info:   [04056] *** FOLDER: c:\Users\aharo\Kosstech\OneDrive - Strategic Integration Technologies\AI Navigator LWC\ReactFiles\AI-NavLWC ***
2026-03-31T15:48:20.421Z - info:   [04056] AzureReposVSCode/1.161.0 (VSCode 1.113.0; Windows_NT 10.0.26200; Node 22.22.1)
2026-03-31T15:48:20.423Z - debug:  [04056] Looking for an External Context at c:\Users\aharo\Kosstech\OneDrive - Strategic Integration Technologies\AI Navigator LWC\ReactFiles\AI-NavLWC
2026-03-31T15:48:20.423Z - debug:  [04056] No External Context at c:\Users\aharo\Kosstech\OneDrive - Strategic Integration Technologies\AI Navigator LWC\ReactFiles\AI-NavLWC
2026-03-31T15:48:20.425Z - debug:  [04056] Looking for TFVC repository at c:\Users\aharo\Kosstech\OneDrive - Strategic Integration Technologies\AI Navigator LWC\ReactFiles\AI-NavLWC
2026-03-31T15:48:20.426Z - debug:  [04056] TFVC Creating Tfvc object with localPath='undefined'
2026-03-31T15:48:20.428Z - debug:  [04056] Using TFS proxy: 
2026-03-31T15:48:20.429Z - debug:  [04056] TFVC Retrieved from settings; localPath='C:\TEE\TEE-CLC-14.114.0\tf.cmd'
2026-03-31T15:48:20.434Z - debug:  [04056] TFVC Repository created with repositoryRootFolder='c:\Users\aharo\Kosstech\OneDrive - Strategic Integration Technologies\AI Navigator LWC\ReactFiles\AI-NavLWC'
2026-03-31T15:48:20.435Z - debug:  [04056] TFVC Repository.CheckVersion
2026-03-31T15:48:20.437Z - debug:  [04056] TFVC: tf add -noprompt -?
2026-03-31T15:48:20.440Z - error:  [04056] spawn EINVAL
2026-03-31T16:24:38.055Z - info:   [07900] *** FOLDER: c:\Users\aharo\Kosstech\OneDrive - Strategic Integration Technologies\AI Navigator LWC\ReactFiles\AI-NavLWC ***
2026-03-31T16:24:38.056Z - info:   [07900] AzureReposVSCode/1.161.0 (VSCode 1.113.0; Windows_NT 10.0.26200; Node 22.22.1)
2026-03-31T16:24:38.057Z - debug:  [07900] Looking for an External Context at c:\Users\aharo\Kosstech\OneDrive - Strategic Integration Technologies\AI Navigator LWC\ReactFiles\AI-NavLWC
2026-03-31T16:24:38.058Z - debug:  [07900] No External Context at c:\Users\aharo\Kosstech\OneDrive - Strategic Integration Technologies\AI Navigator LWC\ReactFiles\AI-NavLWC
2026-03-31T16:24:38.060Z - debug:  [07900] Looking for TFVC repository at c:\Users\aharo\Kosstech\OneDrive - Strategic Integration Technologies\AI Navigator LWC\ReactFiles\AI-NavLWC
2026-03-31T16:24:38.060Z - debug:  [07900] TFVC Creating Tfvc object with localPath='undefined'
2026-03-31T16:24:38.062Z - debug:  [07900] Using TFS proxy: 
2026-03-31T16:24:38.062Z - debug:  [07900] TFVC Retrieved from settings; localPath='C:\TEE\TEE-CLC-14.114.0\tf.cmd'
2026-03-31T16:24:38.064Z - debug:  [07900] TFVC Repository created with repositoryRootFolder='c:\Users\aharo\Kosstech\OneDrive - Strategic Integration Technologies\AI Navigator LWC\ReactFiles\AI-NavLWC'
2026-03-31T16:24:38.066Z - debug:  [07900] TFVC Repository.CheckVersion
2026-03-31T16:24:38.067Z - debug:  [07900] TFVC: tf add -noprompt -?
2026-03-31T16:24:38.071Z - error:  [07900] spawn EINVAL
2026-03-31T16:33:18.088Z - info:   [07640] *** FOLDER: c:\Users\aharo\Kosstech\OneDrive - Strategic Integration Technologies\AI Navigator LWC\ReactFiles\AI-NavLWC ***
2026-03-31T16:33:18.093Z - info:   [07640] AzureReposVSCode/1.161.0 (VSCode 1.113.0; Windows_NT 10.0.26200; Node 22.22.1)
2026-03-31T16:33:18.094Z - debug:  [07640] Looking for an External Context at c:\Users\aharo\Kosstech\OneDrive - Strategic Integration Technologies\AI Navigator LWC\ReactFiles\AI-NavLWC
2026-03-31T16:33:18.094Z - debug:  [07640] No External Context at c:\Users\aharo\Kosstech\OneDrive - Strategic Integration Technologies\AI Navigator LWC\ReactFiles\AI-NavLWC
2026-03-31T16:33:18.097Z - debug:  [07640] Looking for TFVC repository at c:\Users\aharo\Kosstech\OneDrive - Strategic Integration Technologies\AI Navigator LWC\ReactFiles\AI-NavLWC
2026-03-31T16:33:18.101Z - debug:  [07640] TFVC Creating Tfvc object with localPath='undefined'
2026-03-31T16:33:18.102Z - debug:  [07640] Using TFS proxy: 
2026-03-31T16:33:18.103Z - debug:  [07640] TFVC Retrieved from settings; localPath='C:\TEE\TEE-CLC-14.114.0\tf.cmd'
2026-03-31T16:33:18.106Z - debug:  [07640] TFVC Repository created with repositoryRootFolder='c:\Users\aharo\Kosstech\OneDrive - Strategic Integration Technologies\AI Navigator LWC\ReactFiles\AI-NavLWC'
2026-03-31T16:33:18.107Z - debug:  [07640] TFVC Repository.CheckVersion
2026-03-31T16:33:18.109Z - debug:  [07640] TFVC: tf add -noprompt -?
2026-03-31T16:33:18.113Z - error:  [07640] spawn EINVAL
2026-04-01T13:23:35.128Z - info:   [12340] *** FOLDER: c:\Users\aharo\Kosstech\OneDrive - Strategic Integration Technologies\AI Navigator LWC\ReactFiles\AI-NavLWC ***
2026-04-01T13:23:35.128Z - info:   [12340] AzureReposVSCode/1.161.0 (VSCode 1.113.0; Windows_NT 10.0.26200; Node 22.22.1)
2026-04-01T13:23:35.129Z - debug:  [12340] Looking for an External Context at c:\Users\aharo\Kosstech\OneDrive - Strategic Integration Technologies\AI Navigator LWC\ReactFiles\AI-NavLWC
2026-04-01T13:23:35.129Z - debug:  [12340] No External Context at c:\Users\aharo\Kosstech\OneDrive - Strategic Integration Technologies\AI Navigator LWC\ReactFiles\AI-NavLWC
2026-04-01T13:23:35.130Z - debug:  [12340] Looking for TFVC repository at c:\Users\aharo\Kosstech\OneDrive - Strategic Integration Technologies\AI Navigator LWC\ReactFiles\AI-NavLWC
2026-04-01T13:23:35.131Z - debug:  [12340] TFVC Creating Tfvc object with localPath='undefined'
2026-04-01T13:23:35.131Z - debug:  [12340] Using TFS proxy: 
2026-04-01T13:23:35.131Z - debug:  [12340] TFVC Retrieved from settings; localPath='C:\TEE\TEE-CLC-14.114.0\tf.cmd'
2026-04-01T13:23:35.132Z - debug:  [12340] TFVC Repository created with repositoryRootFolder='c:\Users\aharo\Kosstech\OneDrive - Strategic Integration Technologies\AI Navigator LWC\ReactFiles\AI-NavLWC'
2026-04-01T13:23:35.133Z - debug:  [12340] TFVC Repository.CheckVersion
2026-04-01T13:23:35.133Z - debug:  [12340] TFVC: tf add -noprompt -?
2026-04-01T13:23:35.135Z - error:  [12340] spawn EINVAL
2026-04-01T13:24:37.413Z - info:   [12380] *** FOLDER: c:\Users\aharo\Kosstech\OneDrive - Strategic Integration Technologies\AI Navigator LWC\ReactFiles\AI-NavLWC ***
2026-04-01T13:24:37.415Z - info:   [12380] AzureReposVSCode/1.161.0 (VSCode 1.113.0; Windows_NT 10.0.26200; Node 22.22.1)
2026-04-01T13:24:37.416Z - debug:  [12380] Looking for an External Context at c:\Users\aharo\Kosstech\OneDrive - Strategic Integration Technologies\AI Navigator LWC\ReactFiles\AI-NavLWC
2026-04-01T13:24:37.416Z - debug:  [12380] No External Context at c:\Users\aharo\Kosstech\OneDrive - Strategic Integration Technologies\AI Navigator LWC\ReactFiles\AI-NavLWC
2026-04-01T13:24:37.419Z - debug:  [12380] Looking for TFVC repository at c:\Users\aharo\Kosstech\OneDrive - Strategic Integration Technologies\AI Navigator LWC\ReactFiles\AI-NavLWC
2026-04-01T13:24:37.420Z - debug:  [12380] TFVC Creating Tfvc object with localPath='undefined'
2026-04-01T13:24:37.422Z - debug:  [12380] Using TFS proxy: 
2026-04-01T13:24:37.423Z - debug:  [12380] TFVC Retrieved from settings; localPath='C:\TEE\TEE-CLC-14.114.0\tf.cmd'
2026-04-01T13:24:37.426Z - debug:  [12380] TFVC Repository created with repositoryRootFolder='c:\Users\aharo\Kosstech\OneDrive - Strategic Integration Technologies\AI Navigator LWC\ReactFiles\AI-NavLWC'
2026-04-01T13:24:37.428Z - debug:  [12380] TFVC Repository.CheckVersion
2026-04-01T13:24:37.431Z - debug:  [12380] TFVC: tf add -noprompt -?
2026-04-01T13:24:37.436Z - error:  [12380] spawn EINVAL
2026-04-01T13:23:25.549Z - info:   [09544] *** FOLDER: c:\Users\aharo\Kosstech\OneDrive - Strategic Integration Technologies\AI Navigator LWC\ReactFiles\AI-NavLWC ***
2026-04-01T13:23:25.550Z - info:   [09544] AzureReposVSCode/1.161.0 (VSCode 1.113.0; Windows_NT 10.0.26200; Node 22.22.1)
2026-04-01T13:23:25.552Z - debug:  [09544] Looking for an External Context at c:\Users\aharo\Kosstech\OneDrive - Strategic Integration Technologies\AI Navigator LWC\ReactFiles\AI-NavLWC
2026-04-01T13:23:25.552Z - debug:  [09544] No External Context at c:\Users\aharo\Kosstech\OneDrive - Strategic Integration Technologies\AI Navigator LWC\ReactFiles\AI-NavLWC
2026-04-01T13:23:25.556Z - debug:  [09544] Looking for TFVC repository at c:\Users\aharo\Kosstech\OneDrive - Strategic Integration Technologies\AI Navigator LWC\ReactFiles\AI-NavLWC
2026-04-01T13:23:25.557Z - debug:  [09544] TFVC Creating Tfvc object with localPath='undefined'
2026-04-01T13:23:25.558Z - debug:  [09544] Using TFS proxy: 
2026-04-01T13:23:25.559Z - debug:  [09544] TFVC Retrieved from settings; localPath='C:\TEE\TEE-CLC-14.114.0\tf.cmd'
2026-04-01T13:23:25.566Z - debug:  [09544] TFVC Repository created with repositoryRootFolder='c:\Users\aharo\Kosstech\OneDrive - Strategic Integration Technologies\AI Navigator LWC\ReactFiles\AI-NavLWC'
2026-04-01T13:23:25.568Z - debug:  [09544] TFVC Repository.CheckVersion
2026-04-01T13:23:25.571Z - debug:  [09544] TFVC: tf add -noprompt -?
2026-04-01T13:23:25.576Z - error:  [09544] spawn EINVAL
2026-04-01T13:32:46.672Z - info:   [06784] *** FOLDER: c:\Users\aharo\Kosstech\OneDrive - Strategic Integration Technologies\AI Navigator LWC\ReactFiles\AI-NavLWC ***
2026-04-01T13:32:46.673Z - info:   [06784] AzureReposVSCode/1.161.0 (VSCode 1.113.0; Windows_NT 10.0.26200; Node 22.22.1)
2026-04-01T13:32:46.673Z - debug:  [06784] Looking for an External Context at c:\Users\aharo\Kosstech\OneDrive - Strategic Integration Technologies\AI Navigator LWC\ReactFiles\AI-NavLWC
2026-04-01T13:32:46.674Z - debug:  [06784] No External Context at c:\Users\aharo\Kosstech\OneDrive - Strategic Integration Technologies\AI Navigator LWC\ReactFiles\AI-NavLWC
2026-04-01T13:32:46.676Z - debug:  [06784] Looking for TFVC repository at c:\Users\aharo\Kosstech\OneDrive - Strategic Integration Technologies\AI Navigator LWC\ReactFiles\AI-NavLWC
2026-04-01T13:32:46.676Z - debug:  [06784] TFVC Creating Tfvc object with localPath='undefined'
2026-04-01T13:32:46.677Z - debug:  [06784] Using TFS proxy: 
2026-04-01T13:32:46.678Z - debug:  [06784] TFVC Retrieved from settings; localPath='C:\TEE\TEE-CLC-14.114.0\tf.cmd'
2026-04-01T13:32:46.682Z - debug:  [06784] TFVC Repository created with repositoryRootFolder='c:\Users\aharo\Kosstech\OneDrive - Strategic Integration Technologies\AI Navigator LWC\ReactFiles\AI-NavLWC'
2026-04-01T13:32:46.683Z - debug:  [06784] TFVC Repository.CheckVersion
2026-04-01T13:32:46.685Z - debug:  [06784] TFVC: tf add -noprompt -?
2026-04-01T13:32:46.687Z - error:  [06784] spawn EINVAL
2026-04-01T15:11:34.771Z - info:   [19200] *** FOLDER: c:\Users\aharo\Kosstech\OneDrive - Strategic Integration Technologies\AI Navigator LWC\ReactFiles\AI-NavLWC ***
2026-04-01T15:11:34.772Z - info:   [19200] AzureReposVSCode/1.161.0 (VSCode 1.113.0; Windows_NT 10.0.26200; Node 22.22.1)
2026-04-01T15:11:34.772Z - debug:  [19200] Looking for an External Context at c:\Users\aharo\Kosstech\OneDrive - Strategic Integration Technologies\AI Navigator LWC\ReactFiles\AI-NavLWC
2026-04-01T15:11:34.773Z - debug:  [19200] No External Context at c:\Users\aharo\Kosstech\OneDrive - Strategic Integration Technologies\AI Navigator LWC\ReactFiles\AI-NavLWC
2026-04-01T15:11:34.774Z - debug:  [19200] Looking for TFVC repository at c:\Users\aharo\Kosstech\OneDrive - Strategic Integration Technologies\AI Navigator LWC\ReactFiles\AI-NavLWC
2026-04-01T15:11:34.775Z - debug:  [19200] TFVC Creating Tfvc object with localPath='undefined'
2026-04-01T15:11:34.776Z - debug:  [19200] Using TFS proxy: 
2026-04-01T15:11:34.776Z - debug:  [19200] TFVC Retrieved from settings; localPath='C:\TEE\TEE-CLC-14.114.0\tf.cmd'
2026-04-01T15:11:34.781Z - debug:  [19200] TFVC Repository created with repositoryRootFolder='c:\Users\aharo\Kosstech\OneDrive - Strategic Integration Technologies\AI Navigator LWC\ReactFiles\AI-NavLWC'
2026-04-01T15:11:34.782Z - debug:  [19200] TFVC Repository.CheckVersion
2026-04-01T15:11:34.783Z - debug:  [19200] TFVC: tf add -noprompt -?
2026-04-01T15:11:34.784Z - error:  [19200] spawn EINVAL
2026-04-02T11:49:45.174Z - info:   [10196] *** FOLDER: c:\Users\aharo\Kosstech\OneDrive - Strategic Integration Technologies\AI Navigator LWC\ReactFiles\AI-NavLWC ***
2026-04-02T11:49:45.176Z - info:   [10196] AzureReposVSCode/1.161.0 (VSCode 1.113.0; Windows_NT 10.0.26200; Node 22.22.1)
2026-04-02T11:49:45.179Z - debug:  [10196] Looking for an External Context at c:\Users\aharo\Kosstech\OneDrive - Strategic Integration Technologies\AI Navigator LWC\ReactFiles\AI-NavLWC
2026-04-02T11:49:45.180Z - debug:  [10196] No External Context at c:\Users\aharo\Kosstech\OneDrive - Strategic Integration Technologies\AI Navigator LWC\ReactFiles\AI-NavLWC
2026-04-02T11:49:45.186Z - debug:  [10196] Looking for TFVC repository at c:\Users\aharo\Kosstech\OneDrive - Strategic Integration Technologies\AI Navigator LWC\ReactFiles\AI-NavLWC
2026-04-02T11:49:45.187Z - debug:  [10196] TFVC Creating Tfvc object with localPath='undefined'
2026-04-02T11:49:45.190Z - debug:  [10196] Using TFS proxy: 
2026-04-02T11:49:45.190Z - debug:  [10196] TFVC Retrieved from settings; localPath='C:\TEE\TEE-CLC-14.114.0\tf.cmd'
2026-04-02T11:49:45.344Z - debug:  [10196] TFVC Repository created with repositoryRootFolder='c:\Users\aharo\Kosstech\OneDrive - Strategic Integration Technologies\AI Navigator LWC\ReactFiles\AI-NavLWC'
2026-04-02T11:49:45.348Z - debug:  [10196] TFVC Repository.CheckVersion
2026-04-02T11:49:45.349Z - debug:  [10196] TFVC: tf add -noprompt -?
2026-04-02T11:49:45.355Z - error:  [10196] spawn EINVAL
2026-04-14T14:22:29.727Z - info:   [11156] *** FOLDER: c:\Users\aharo\Kosstech\OneDrive - Strategic Integration Technologies\AI Navigator LWC\ReactFiles\AI-NavLWC ***
2026-04-14T14:22:29.729Z - info:   [11156] AzureReposVSCode/1.161.0 (VSCode 1.113.0; Windows_NT 10.0.26200; Node 22.22.1)
2026-04-14T14:22:29.730Z - debug:  [11156] Looking for an External Context at c:\Users\aharo\Kosstech\OneDrive - Strategic Integration Technologies\AI Navigator LWC\ReactFiles\AI-NavLWC
2026-04-14T14:22:29.731Z - debug:  [11156] No External Context at c:\Users\aharo\Kosstech\OneDrive - Strategic Integration Technologies\AI Navigator LWC\ReactFiles\AI-NavLWC
2026-04-14T14:22:29.790Z - debug:  [11156] Looking for TFVC repository at c:\Users\aharo\Kosstech\OneDrive - Strategic Integration Technologies\AI Navigator LWC\ReactFiles\AI-NavLWC
2026-04-14T14:22:29.791Z - debug:  [11156] TFVC Creating Tfvc object with localPath='undefined'
2026-04-14T14:22:29.793Z - debug:  [11156] Using TFS proxy: 
2026-04-14T14:22:29.793Z - debug:  [11156] TFVC Retrieved from settings; localPath='C:\TEE\TEE-CLC-14.114.0\tf.cmd'
2026-04-14T14:22:29.996Z - debug:  [11156] TFVC Repository created with repositoryRootFolder='c:\Users\aharo\Kosstech\OneDrive - Strategic Integration Technologies\AI Navigator LWC\ReactFiles\AI-NavLWC'
2026-04-14T14:22:29.998Z - debug:  [11156] TFVC Repository.CheckVersion
2026-04-14T14:22:29.999Z - debug:  [11156] TFVC: tf add -noprompt -?
2026-04-14T14:22:30.007Z - error:  [11156] spawn EINVAL
2026-04-15T18:11:44.133Z - info:   [09684] *** FOLDER: c:\Users\aharo\Kosstech\OneDrive - Strategic Integration Technologies\AI Navigator LWC\ReactFiles\AI-NavLWC ***
2026-04-15T18:11:44.135Z - info:   [09684] AzureReposVSCode/1.161.0 (VSCode 1.115.0; Windows_NT 10.0.26200; Node 22.22.1)
2026-04-15T18:11:44.144Z - debug:  [09684] Looking for an External Context at c:\Users\aharo\Kosstech\OneDrive - Strategic Integration Technologies\AI Navigator LWC\ReactFiles\AI-NavLWC
2026-04-15T18:11:44.144Z - debug:  [09684] No External Context at c:\Users\aharo\Kosstech\OneDrive - Strategic Integration Technologies\AI Navigator LWC\ReactFiles\AI-NavLWC
2026-04-15T18:11:44.184Z - debug:  [09684] Looking for TFVC repository at c:\Users\aharo\Kosstech\OneDrive - Strategic Integration Technologies\AI Navigator LWC\ReactFiles\AI-NavLWC
2026-04-15T18:11:44.186Z - debug:  [09684] TFVC Creating Tfvc object with localPath='undefined'
2026-04-15T18:11:44.189Z - debug:  [09684] Using TFS proxy: 
2026-04-15T18:11:44.190Z - debug:  [09684] TFVC Retrieved from settings; localPath='C:\TEE\TEE-CLC-14.114.0\tf.cmd'
2026-04-15T18:11:44.194Z - debug:  [09684] TFVC Repository created with repositoryRootFolder='c:\Users\aharo\Kosstech\OneDrive - Strategic Integration Technologies\AI Navigator LWC\ReactFiles\AI-NavLWC'
2026-04-15T18:11:44.201Z - debug:  [09684] TFVC Repository.CheckVersion
2026-04-15T18:11:44.203Z - debug:  [09684] TFVC: tf add -noprompt -?
2026-04-15T18:11:44.207Z - error:  [09684] spawn EINVAL
2026-04-19T23:25:05.606Z - info:   [24808] *** FOLDER: c:\Users\aharo\Kosstech\OneDrive - Strategic Integration Technologies\AI Navigator LWC\ReactFiles\AI-NavLWC ***
2026-04-19T23:25:05.607Z - info:   [24808] AzureReposVSCode/1.161.0 (VSCode 1.115.0; Windows_NT 10.0.26200; Node 22.22.1)
2026-04-19T23:25:05.608Z - debug:  [24808] Looking for an External Context at c:\Users\aharo\Kosstech\OneDrive - Strategic Integration Technologies\AI Navigator LWC\ReactFiles\AI-NavLWC
2026-04-19T23:25:05.608Z - debug:  [24808] No External Context at c:\Users\aharo\Kosstech\OneDrive - Strategic Integration Technologies\AI Navigator LWC\ReactFiles\AI-NavLWC
2026-04-19T23:25:05.619Z - debug:  [24808] Looking for TFVC repository at c:\Users\aharo\Kosstech\OneDrive - Strategic Integration Technologies\AI Navigator LWC\ReactFiles\AI-NavLWC
2026-04-19T23:25:05.620Z - debug:  [24808] TFVC Creating Tfvc object with localPath='undefined'
2026-04-19T23:25:05.621Z - debug:  [24808] Using TFS proxy: 
2026-04-19T23:25:05.621Z - debug:  [24808] TFVC Retrieved from settings; localPath='C:\TEE\TEE-CLC-14.114.0\tf.cmd'
2026-04-19T23:25:05.624Z - debug:  [24808] TFVC Repository created with repositoryRootFolder='c:\Users\aharo\Kosstech\OneDrive - Strategic Integration Technologies\AI Navigator LWC\ReactFiles\AI-NavLWC'
2026-04-19T23:25:05.625Z - debug:  [24808] TFVC Repository.CheckVersion
2026-04-19T23:25:05.626Z - debug:  [24808] TFVC: tf add -noprompt -?
2026-04-19T23:25:05.628Z - error:  [24808] spawn EINVAL
2026-04-23T16:27:46.824Z - info:   [09512] *** FOLDER: c:\Users\aharo\Kosstech\OneDrive - Strategic Integration Technologies\AI Navigator LWC\ReactFiles\AI-NavLWC ***
2026-04-23T16:27:46.825Z - info:   [09512] AzureReposVSCode/1.161.0 (VSCode 1.115.0; Windows_NT 10.0.26200; Node 22.22.1)
2026-04-23T16:27:46.826Z - debug:  [09512] Looking for an External Context at c:\Users\aharo\Kosstech\OneDrive - Strategic Integration Technologies\AI Navigator LWC\ReactFiles\AI-NavLWC
2026-04-23T16:27:46.826Z - debug:  [09512] No External Context at c:\Users\aharo\Kosstech\OneDrive - Strategic Integration Technologies\AI Navigator LWC\ReactFiles\AI-NavLWC
2026-04-23T16:27:46.884Z - debug:  [09512] Looking for TFVC repository at c:\Users\aharo\Kosstech\OneDrive - Strategic Integration Technologies\AI Navigator LWC\ReactFiles\AI-NavLWC
2026-04-23T16:27:46.885Z - debug:  [09512] TFVC Creating Tfvc object with localPath='undefined'
2026-04-23T16:27:46.887Z - debug:  [09512] Using TFS proxy: 
2026-04-23T16:27:46.888Z - debug:  [09512] TFVC Retrieved from settings; localPath='C:\TEE\TEE-CLC-14.114.0\tf.cmd'
2026-04-23T16:27:46.901Z - debug:  [09512] TFVC Repository created with repositoryRootFolder='c:\Users\aharo\Kosstech\OneDrive - Strategic Integration Technologies\AI Navigator LWC\ReactFiles\AI-NavLWC'
2026-04-23T16:27:46.904Z - debug:  [09512] TFVC Repository.CheckVersion
2026-04-23T16:27:46.905Z - debug:  [09512] TFVC: tf add -noprompt -?
2026-04-23T16:27:46.911Z - error:  [09512] spawn EINVAL
2026-04-27T13:05:14.706Z - info:   [11512] *** FOLDER: c:\Users\aharo\Kosstech\OneDrive - Strategic Integration Technologies\AI Navigator LWC\ReactFiles\AI-NavLWC ***
2026-04-27T13:05:14.707Z - info:   [11512] AzureReposVSCode/1.161.0 (VSCode 1.115.0; Windows_NT 10.0.26200; Node 22.22.1)
2026-04-27T13:05:14.708Z - debug:  [11512] Looking for an External Context at c:\Users\aharo\Kosstech\OneDrive - Strategic Integration Technologies\AI Navigator LWC\ReactFiles\AI-NavLWC
2026-04-27T13:05:14.709Z - debug:  [11512] No External Context at c:\Users\aharo\Kosstech\OneDrive - Strategic Integration Technologies\AI Navigator LWC\ReactFiles\AI-NavLWC
2026-04-27T13:05:14.724Z - debug:  [11512] Looking for TFVC repository at c:\Users\aharo\Kosstech\OneDrive - Strategic Integration Technologies\AI Navigator LWC\ReactFiles\AI-NavLWC
2026-04-27T13:05:14.725Z - debug:  [11512] TFVC Creating Tfvc object with localPath='undefined'
2026-04-27T13:05:15.042Z - debug:  [11512] Using TFS proxy: 
2026-04-27T13:05:15.042Z - debug:  [11512] TFVC Retrieved from settings; localPath='C:\TEE\TEE-CLC-14.114.0\tf.cmd'
2026-04-27T13:05:15.045Z - debug:  [11512] TFVC Repository created with repositoryRootFolder='c:\Users\aharo\Kosstech\OneDrive - Strategic Integration Technologies\AI Navigator LWC\ReactFiles\AI-NavLWC'
2026-04-27T13:05:15.047Z - debug:  [11512] TFVC Repository.CheckVersion
2026-04-27T13:05:15.048Z - debug:  [11512] TFVC: tf add -noprompt -?
2026-04-27T13:05:15.051Z - error:  [11512] spawn EINVAL
2026-05-01T19:13:41.275Z - info:   [11528] *** FOLDER: c:\Users\aharo\Kosstech\OneDrive - Strategic Integration Technologies\AI Navigator LWC\ReactFiles\AI-NavLWC ***
2026-05-01T19:13:41.276Z - info:   [11528] AzureReposVSCode/1.161.0 (VSCode 1.115.0; Windows_NT 10.0.26200; Node 22.22.1)
2026-05-01T19:13:41.277Z - debug:  [11528] Looking for an External Context at c:\Users\aharo\Kosstech\OneDrive - Strategic Integration Technologies\AI Navigator LWC\ReactFiles\AI-NavLWC
2026-05-01T19:13:41.278Z - debug:  [11528] No External Context at c:\Users\aharo\Kosstech\OneDrive - Strategic Integration Technologies\AI Navigator LWC\ReactFiles\AI-NavLWC
2026-05-01T19:13:41.295Z - debug:  [11528] Looking for TFVC repository at c:\Users\aharo\Kosstech\OneDrive - Strategic Integration Technologies\AI Navigator LWC\ReactFiles\AI-NavLWC
2026-05-01T19:13:41.296Z - debug:  [11528] TFVC Creating Tfvc object with localPath='undefined'
2026-05-01T19:13:41.298Z - debug:  [11528] Using TFS proxy: 
2026-05-01T19:13:41.298Z - debug:  [11528] TFVC Retrieved from settings; localPath='C:\TEE\TEE-CLC-14.114.0\tf.cmd'
2026-05-01T19:13:41.302Z - debug:  [11528] TFVC Repository created with repositoryRootFolder='c:\Users\aharo\Kosstech\OneDrive - Strategic Integration Technologies\AI Navigator LWC\ReactFiles\AI-NavLWC'
2026-05-01T19:13:41.303Z - debug:  [11528] TFVC Repository.CheckVersion
2026-05-01T19:13:41.305Z - debug:  [11528] TFVC: tf add -noprompt -?
2026-05-01T19:13:41.308Z - error:  [11528] spawn EINVAL
2026-05-04T18:38:43.402Z - info:   [08188] *** FOLDER: c:\Users\aharo\Kosstech\OneDrive - Strategic Integration Technologies\AI Navigator LWC\ReactFiles\AI-NavLWC ***
2026-05-04T18:38:43.403Z - info:   [08188] AzureReposVSCode/1.161.0 (VSCode 1.115.0; Windows_NT 10.0.26200; Node 22.22.1)
2026-05-04T18:38:43.404Z - debug:  [08188] Looking for an External Context at c:\Users\aharo\Kosstech\OneDrive - Strategic Integration Technologies\AI Navigator LWC\ReactFiles\AI-NavLWC
2026-05-04T18:38:43.405Z - debug:  [08188] No External Context at c:\Users\aharo\Kosstech\OneDrive - Strategic Integration Technologies\AI Navigator LWC\ReactFiles\AI-NavLWC
2026-05-04T18:38:43.423Z - debug:  [08188] Looking for TFVC repository at c:\Users\aharo\Kosstech\OneDrive - Strategic Integration Technologies\AI Navigator LWC\ReactFiles\AI-NavLWC
2026-05-04T18:38:43.424Z - debug:  [08188] TFVC Creating Tfvc object with localPath='undefined'
2026-05-04T18:38:43.425Z - debug:  [08188] Using TFS proxy: 
2026-05-04T18:38:43.425Z - debug:  [08188] TFVC Retrieved from settings; localPath='C:\TEE\TEE-CLC-14.114.0\tf.cmd'
2026-05-04T18:38:43.428Z - debug:  [08188] TFVC Repository created with repositoryRootFolder='c:\Users\aharo\Kosstech\OneDrive - Strategic Integration Technologies\AI Navigator LWC\ReactFiles\AI-NavLWC'
2026-05-04T18:38:43.429Z - debug:  [08188] TFVC Repository.CheckVersion
2026-05-04T18:38:43.431Z - debug:  [08188] TFVC: tf add -noprompt -?
2026-05-04T18:38:43.434Z - error:  [08188] spawn EINVAL
2026-05-07T22:12:35.884Z - info:   [26700] *** FOLDER: c:\Users\aharo\Kosstech\OneDrive - Strategic Integration Technologies\AI Navigator LWC\ReactFiles\AI-NavLWC ***
2026-05-07T22:12:35.885Z - info:   [26700] AzureReposVSCode/1.161.0 (VSCode 1.118.1; Windows_NT 10.0.26200; Node 22.22.1)
2026-05-07T22:12:35.886Z - debug:  [26700] Looking for an External Context at c:\Users\aharo\Kosstech\OneDrive - Strategic Integration Technologies\AI Navigator LWC\ReactFiles\AI-NavLWC
2026-05-07T22:12:35.890Z - debug:  [26700] No External Context at c:\Users\aharo\Kosstech\OneDrive - Strategic Integration Technologies\AI Navigator LWC\ReactFiles\AI-NavLWC
2026-05-07T22:12:35.955Z - debug:  [26700] Looking for TFVC repository at c:\Users\aharo\Kosstech\OneDrive - Strategic Integration Technologies\AI Navigator LWC\ReactFiles\AI-NavLWC
2026-05-07T22:12:35.956Z - debug:  [26700] TFVC Creating Tfvc object with localPath='undefined'
2026-05-07T22:12:35.958Z - debug:  [26700] Using TFS proxy: 
2026-05-07T22:12:35.959Z - debug:  [26700] TFVC Retrieved from settings; localPath='C:\TEE\TEE-CLC-14.114.0\tf.cmd'
2026-05-07T22:12:35.969Z - debug:  [26700] TFVC Repository created with repositoryRootFolder='c:\Users\aharo\Kosstech\OneDrive - Strategic Integration Technologies\AI Navigator LWC\ReactFiles\AI-NavLWC'
2026-05-07T22:12:35.985Z - debug:  [26700] TFVC Repository.CheckVersion
2026-05-07T22:12:35.991Z - debug:  [26700] TFVC: tf add -noprompt -?
2026-05-07T22:12:36.007Z - error:  [26700] spawn EINVAL
2026-05-08T05:51:56.772Z - info:   [18024] *** FOLDER: c:\Users\aharo\Kosstech\OneDrive - Strategic Integration Technologies\AI Navigator LWC\ReactFiles\AI-NavLWC ***
2026-05-08T05:51:56.774Z - info:   [18024] AzureReposVSCode/1.161.0 (VSCode 1.119.0; Windows_NT 10.0.26200; Node 22.22.1)
2026-05-08T05:51:56.775Z - debug:  [18024] Looking for an External Context at c:\Users\aharo\Kosstech\OneDrive - Strategic Integration Technologies\AI Navigator LWC\ReactFiles\AI-NavLWC
2026-05-08T05:51:56.776Z - debug:  [18024] No External Context at c:\Users\aharo\Kosstech\OneDrive - Strategic Integration Technologies\AI Navigator LWC\ReactFiles\AI-NavLWC
2026-05-08T05:51:56.821Z - debug:  [18024] Looking for TFVC repository at c:\Users\aharo\Kosstech\OneDrive - Strategic Integration Technologies\AI Navigator LWC\ReactFiles\AI-NavLWC
2026-05-08T05:51:56.822Z - debug:  [18024] TFVC Creating Tfvc object with localPath='undefined'
2026-05-08T05:51:56.824Z - debug:  [18024] Using TFS proxy: 
2026-05-08T05:51:56.825Z - debug:  [18024] TFVC Retrieved from settings; localPath='C:\TEE\TEE-CLC-14.114.0\tf.cmd'
2026-05-08T05:51:56.831Z - debug:  [18024] TFVC Repository created with repositoryRootFolder='c:\Users\aharo\Kosstech\OneDrive - Strategic Integration Technologies\AI Navigator LWC\ReactFiles\AI-NavLWC'
2026-05-08T05:51:56.836Z - debug:  [18024] TFVC Repository.CheckVersion
2026-05-08T05:51:56.838Z - debug:  [18024] TFVC: tf add -noprompt -?
2026-05-08T05:51:56.841Z - error:  [18024] spawn EINVAL
2026-05-12T21:01:28.032Z - info:   [04884] *** FOLDER: c:\Users\aharo\Kosstech\OneDrive - Strategic Integration Technologies\AI Navigator LWC\ReactFiles\AI-NavLWC ***
2026-05-12T21:01:28.035Z - info:   [04884] AzureReposVSCode/1.161.0 (VSCode 1.119.0; Windows_NT 10.0.26200; Node 22.22.1)
2026-05-12T21:01:28.036Z - debug:  [04884] Looking for an External Context at c:\Users\aharo\Kosstech\OneDrive - Strategic Integration Technologies\AI Navigator LWC\ReactFiles\AI-NavLWC
2026-05-12T21:01:28.037Z - debug:  [04884] No External Context at c:\Users\aharo\Kosstech\OneDrive - Strategic Integration Technologies\AI Navigator LWC\ReactFiles\AI-NavLWC
2026-05-12T21:01:28.064Z - debug:  [04884] Looking for TFVC repository at c:\Users\aharo\Kosstech\OneDrive - Strategic Integration Technologies\AI Navigator LWC\ReactFiles\AI-NavLWC
2026-05-12T21:01:28.064Z - debug:  [04884] TFVC Creating Tfvc object with localPath='undefined'
2026-05-12T21:01:28.066Z - debug:  [04884] Using TFS proxy: 
2026-05-12T21:01:28.066Z - debug:  [04884] TFVC Retrieved from settings; localPath='C:\TEE\TEE-CLC-14.114.0\tf.cmd'
2026-05-12T21:01:28.094Z - debug:  [04884] TFVC Repository created with repositoryRootFolder='c:\Users\aharo\Kosstech\OneDrive - Strategic Integration Technologies\AI Navigator LWC\ReactFiles\AI-NavLWC'
2026-05-12T21:01:28.095Z - debug:  [04884] TFVC Repository.CheckVersion
2026-05-12T21:01:28.097Z - debug:  [04884] TFVC: tf add -noprompt -?
2026-05-12T21:01:28.099Z - error:  [04884] spawn EINVAL
2026-05-14T00:28:05.760Z - info:   [21848] *** FOLDER: c:\Users\aharo\Kosstech\OneDrive - Strategic Integration Technologies\AI Navigator LWC\ReactFiles\AI-NavLWC ***
2026-05-14T00:28:05.761Z - info:   [21848] AzureReposVSCode/1.161.0 (VSCode 1.119.0; Windows_NT 10.0.26200; Node 22.22.1)
2026-05-14T00:28:05.762Z - debug:  [21848] Looking for an External Context at c:\Users\aharo\Kosstech\OneDrive - Strategic Integration Technologies\AI Navigator LWC\ReactFiles\AI-NavLWC
2026-05-14T00:28:05.763Z - debug:  [21848] No External Context at c:\Users\aharo\Kosstech\OneDrive - Strategic Integration Technologies\AI Navigator LWC\ReactFiles\AI-NavLWC
2026-05-14T00:28:05.783Z - debug:  [21848] Looking for TFVC repository at c:\Users\aharo\Kosstech\OneDrive - Strategic Integration Technologies\AI Navigator LWC\ReactFiles\AI-NavLWC
2026-05-14T00:28:05.784Z - debug:  [21848] TFVC Creating Tfvc object with localPath='undefined'
2026-05-14T00:28:05.785Z - debug:  [21848] Using TFS proxy: 
2026-05-14T00:28:05.786Z - debug:  [21848] TFVC Retrieved from settings; localPath='C:\TEE\TEE-CLC-14.114.0\tf.cmd'
2026-05-14T00:28:05.790Z - debug:  [21848] TFVC Repository created with repositoryRootFolder='c:\Users\aharo\Kosstech\OneDrive - Strategic Integration Technologies\AI Navigator LWC\ReactFiles\AI-NavLWC'
2026-05-14T00:28:05.791Z - debug:  [21848] TFVC Repository.CheckVersion
2026-05-14T00:28:05.797Z - debug:  [21848] TFVC: tf add -noprompt -?
2026-05-14T00:28:05.800Z - error:  [21848] spawn EINVAL
2026-05-17T18:22:05.689Z - info:   [17188] *** FOLDER: c:\Users\aharo\Kosstech\OneDrive - Strategic Integration Technologies\AI Navigator LWC\ReactFiles\AI-NavLWC ***
2026-05-17T18:22:05.690Z - info:   [17188] AzureReposVSCode/1.161.0 (VSCode 1.120.0; Windows_NT 10.0.26200; Node 22.22.1)
2026-05-17T18:22:05.691Z - debug:  [17188] Looking for an External Context at c:\Users\aharo\Kosstech\OneDrive - Strategic Integration Technologies\AI Navigator LWC\ReactFiles\AI-NavLWC
2026-05-17T18:22:05.691Z - debug:  [17188] No External Context at c:\Users\aharo\Kosstech\OneDrive - Strategic Integration Technologies\AI Navigator LWC\ReactFiles\AI-NavLWC
2026-05-17T18:22:05.714Z - debug:  [17188] Looking for TFVC repository at c:\Users\aharo\Kosstech\OneDrive - Strategic Integration Technologies\AI Navigator LWC\ReactFiles\AI-NavLWC
2026-05-17T18:22:05.714Z - debug:  [17188] TFVC Creating Tfvc object with localPath='undefined'
2026-05-17T18:22:05.716Z - debug:  [17188] Using TFS proxy: 
2026-05-17T18:22:05.716Z - debug:  [17188] TFVC Retrieved from settings; localPath='C:\TEE\TEE-CLC-14.114.0\tf.cmd'
2026-05-17T18:22:05.730Z - debug:  [17188] TFVC Repository created with repositoryRootFolder='c:\Users\aharo\Kosstech\OneDrive - Strategic Integration Technologies\AI Navigator LWC\ReactFiles\AI-NavLWC'
2026-05-17T18:22:05.732Z - debug:  [17188] TFVC Repository.CheckVersion
2026-05-17T18:22:05.733Z - debug:  [17188] TFVC: tf add -noprompt -?
2026-05-17T18:22:05.736Z - error:  [17188] spawn EINVAL
2026-05-18T18:42:27.915Z - info:   [20856] *** FOLDER: c:\Users\aharo\Kosstech\OneDrive - Strategic Integration Technologies\AI Navigator LWC\ReactFiles\AI-NavLWC ***
2026-05-18T18:42:27.923Z - info:   [20856] AzureReposVSCode/1.161.0 (VSCode 1.120.0; Windows_NT 10.0.26200; Node 22.22.1)
2026-05-18T18:42:27.941Z - debug:  [20856] Looking for an External Context at c:\Users\aharo\Kosstech\OneDrive - Strategic Integration Technologies\AI Navigator LWC\ReactFiles\AI-NavLWC
2026-05-18T18:42:27.943Z - debug:  [20856] No External Context at c:\Users\aharo\Kosstech\OneDrive - Strategic Integration Technologies\AI Navigator LWC\ReactFiles\AI-NavLWC
2026-05-18T18:42:28.241Z - debug:  [20856] Looking for TFVC repository at c:\Users\aharo\Kosstech\OneDrive - Strategic Integration Technologies\AI Navigator LWC\ReactFiles\AI-NavLWC
2026-05-18T18:42:28.242Z - debug:  [20856] TFVC Creating Tfvc object with localPath='undefined'
2026-05-18T18:42:28.243Z - debug:  [20856] Using TFS proxy: 
2026-05-18T18:42:28.243Z - debug:  [20856] TFVC Retrieved from settings; localPath='C:\TEE\TEE-CLC-14.114.0\tf.cmd'
2026-05-18T18:42:28.255Z - debug:  [20856] TFVC Repository created with repositoryRootFolder='c:\Users\aharo\Kosstech\OneDrive - Strategic Integration Technologies\AI Navigator LWC\ReactFiles\AI-NavLWC'
2026-05-18T18:42:28.257Z - debug:  [20856] TFVC Repository.CheckVersion
2026-05-18T18:42:28.258Z - debug:  [20856] TFVC: tf add -noprompt -?
2026-05-18T18:42:28.263Z - error:  [20856] spawn EINVAL
2026-05-20T17:39:00.883Z - info:   [20596] *** FOLDER: c:\Users\aharo\Kosstech\OneDrive - Strategic Integration Technologies\AI Navigator LWC\ReactFiles\AI-NavLWC ***
2026-05-20T17:39:00.884Z - info:   [20596] AzureReposVSCode/1.161.0 (VSCode 1.120.0; Windows_NT 10.0.26200; Node 22.22.1)
2026-05-20T17:39:00.886Z - debug:  [20596] Looking for an External Context at c:\Users\aharo\Kosstech\OneDrive - Strategic Integration Technologies\AI Navigator LWC\ReactFiles\AI-NavLWC
2026-05-20T17:39:00.886Z - debug:  [20596] No External Context at c:\Users\aharo\Kosstech\OneDrive - Strategic Integration Technologies\AI Navigator LWC\ReactFiles\AI-NavLWC
2026-05-20T17:39:00.903Z - debug:  [20596] Looking for TFVC repository at c:\Users\aharo\Kosstech\OneDrive - Strategic Integration Technologies\AI Navigator LWC\ReactFiles\AI-NavLWC
2026-05-20T17:39:00.904Z - debug:  [20596] TFVC Creating Tfvc object with localPath='undefined'
2026-05-20T17:39:00.905Z - debug:  [20596] Using TFS proxy: 
2026-05-20T17:39:00.905Z - debug:  [20596] TFVC Retrieved from settings; localPath='C:\TEE\TEE-CLC-14.114.0\tf.cmd'
2026-05-20T17:39:00.908Z - debug:  [20596] TFVC Repository created with repositoryRootFolder='c:\Users\aharo\Kosstech\OneDrive - Strategic Integration Technologies\AI Navigator LWC\ReactFiles\AI-NavLWC'
2026-05-20T17:39:00.909Z - debug:  [20596] TFVC Repository.CheckVersion
2026-05-20T17:39:00.909Z - debug:  [20596] TFVC: tf add -noprompt -?
2026-05-20T17:39:00.911Z - error:  [20596] spawn EINVAL
2026-05-20T23:35:05.309Z - info:   [03104] *** FOLDER: c:\Users\aharo\Kosstech\OneDrive - Strategic Integration Technologies\AI Navigator LWC\ReactFiles\AI-NavLWC ***
2026-05-20T23:35:05.334Z - info:   [03104] AzureReposVSCode/1.161.0 (VSCode 1.120.0; Windows_NT 10.0.26200; Node 22.22.1)
2026-05-20T23:35:05.339Z - debug:  [03104] Looking for an External Context at c:\Users\aharo\Kosstech\OneDrive - Strategic Integration Technologies\AI Navigator LWC\ReactFiles\AI-NavLWC
2026-05-20T23:35:05.340Z - debug:  [03104] No External Context at c:\Users\aharo\Kosstech\OneDrive - Strategic Integration Technologies\AI Navigator LWC\ReactFiles\AI-NavLWC
2026-05-20T23:35:05.432Z - debug:  [03104] Looking for TFVC repository at c:\Users\aharo\Kosstech\OneDrive - Strategic Integration Technologies\AI Navigator LWC\ReactFiles\AI-NavLWC
2026-05-20T23:35:05.433Z - debug:  [03104] TFVC Creating Tfvc object with localPath='undefined'
2026-05-20T23:35:05.434Z - debug:  [03104] Using TFS proxy: 
2026-05-20T23:35:05.434Z - debug:  [03104] TFVC Retrieved from settings; localPath='C:\TEE\TEE-CLC-14.114.0\tf.cmd'
2026-05-20T23:35:05.606Z - debug:  [03104] TFVC Repository created with repositoryRootFolder='c:\Users\aharo\Kosstech\OneDrive - Strategic Integration Technologies\AI Navigator LWC\ReactFiles\AI-NavLWC'
2026-05-20T23:35:05.607Z - debug:  [03104] TFVC Repository.CheckVersion
2026-05-20T23:35:05.608Z - debug:  [03104] TFVC: tf add -noprompt -?
2026-05-20T23:35:05.614Z - error:  [03104] spawn EINVAL
2026-05-26T14:41:43.159Z - info:   [08436] *** FOLDER: c:\Users\aharo\Kosstech\OneDrive - Strategic Integration Technologies\AI Navigator LWC\ReactFiles\AI-NavLWC ***
2026-05-26T14:41:43.161Z - info:   [08436] AzureReposVSCode/1.161.0 (VSCode 1.121.0; Windows_NT 10.0.26200; Node 22.22.1)
2026-05-26T14:41:43.162Z - debug:  [08436] Looking for an External Context at c:\Users\aharo\Kosstech\OneDrive - Strategic Integration Technologies\AI Navigator LWC\ReactFiles\AI-NavLWC
2026-05-26T14:41:43.163Z - debug:  [08436] No External Context at c:\Users\aharo\Kosstech\OneDrive - Strategic Integration Technologies\AI Navigator LWC\ReactFiles\AI-NavLWC
2026-05-26T14:41:43.189Z - debug:  [08436] Looking for TFVC repository at c:\Users\aharo\Kosstech\OneDrive - Strategic Integration Technologies\AI Navigator LWC\ReactFiles\AI-NavLWC
2026-05-26T14:41:43.193Z - debug:  [08436] TFVC Creating Tfvc object with localPath='undefined'
2026-05-26T14:41:43.195Z - debug:  [08436] Using TFS proxy: 
2026-05-26T14:41:43.196Z - debug:  [08436] TFVC Retrieved from settings; localPath='C:\TEE\TEE-CLC-14.114.0\tf.cmd'
2026-05-26T14:41:43.199Z - debug:  [08436] TFVC Repository created with repositoryRootFolder='c:\Users\aharo\Kosstech\OneDrive - Strategic Integration Technologies\AI Navigator LWC\ReactFiles\AI-NavLWC'
2026-05-26T14:41:43.201Z - debug:  [08436] TFVC Repository.CheckVersion
2026-05-26T14:41:43.202Z - debug:  [08436] TFVC: tf add -noprompt -?
2026-05-26T14:41:43.205Z - error:  [08436] spawn EINVAL
2026-05-27T14:04:11.274Z - info:   [21332] *** FOLDER: c:\Users\aharo\Kosstech\OneDrive - Strategic Integration Technologies\AI Navigator LWC\ReactFiles\AI-NavLWC ***
2026-05-27T14:04:11.276Z - info:   [21332] AzureReposVSCode/1.161.0 (VSCode 1.121.0; Windows_NT 10.0.26200; Node 22.22.1)
2026-05-27T14:04:11.278Z - debug:  [21332] Looking for an External Context at c:\Users\aharo\Kosstech\OneDrive - Strategic Integration Technologies\AI Navigator LWC\ReactFiles\AI-NavLWC
2026-05-27T14:04:11.279Z - debug:  [21332] No External Context at c:\Users\aharo\Kosstech\OneDrive - Strategic Integration Technologies\AI Navigator LWC\ReactFiles\AI-NavLWC
2026-05-27T14:04:11.311Z - debug:  [21332] Looking for TFVC repository at c:\Users\aharo\Kosstech\OneDrive - Strategic Integration Technologies\AI Navigator LWC\ReactFiles\AI-NavLWC
2026-05-27T14:04:11.313Z - debug:  [21332] TFVC Creating Tfvc object with localPath='undefined'
2026-05-27T14:04:11.316Z - debug:  [21332] Using TFS proxy: 
2026-05-27T14:04:11.317Z - debug:  [21332] TFVC Retrieved from settings; localPath='C:\TEE\TEE-CLC-14.114.0\tf.cmd'
2026-05-27T14:04:11.373Z - debug:  [21332] TFVC Repository created with repositoryRootFolder='c:\Users\aharo\Kosstech\OneDrive - Strategic Integration Technologies\AI Navigator LWC\ReactFiles\AI-NavLWC'
2026-05-27T14:04:11.379Z - debug:  [21332] TFVC Repository.CheckVersion
2026-05-27T14:04:11.381Z - debug:  [21332] TFVC: tf add -noprompt -?
2026-05-27T14:04:11.390Z - error:  [21332] spawn EINVAL
2026-05-28T15:26:53.872Z - info:   [04872] *** FOLDER: c:\Users\aharo\Kosstech\OneDrive - Strategic Integration Technologies\AI Navigator LWC\ReactFiles\AI-NavLWC ***
2026-05-28T15:26:53.873Z - info:   [04872] AzureReposVSCode/1.161.0 (VSCode 1.121.0; Windows_NT 10.0.26200; Node 22.22.1)
2026-05-28T15:26:53.873Z - debug:  [04872] Looking for an External Context at c:\Users\aharo\Kosstech\OneDrive - Strategic Integration Technologies\AI Navigator LWC\ReactFiles\AI-NavLWC
2026-05-28T15:26:53.874Z - debug:  [04872] No External Context at c:\Users\aharo\Kosstech\OneDrive - Strategic Integration Technologies\AI Navigator LWC\ReactFiles\AI-NavLWC
2026-05-28T15:26:53.886Z - debug:  [04872] Looking for TFVC repository at c:\Users\aharo\Kosstech\OneDrive - Strategic Integration Technologies\AI Navigator LWC\ReactFiles\AI-NavLWC
2026-05-28T15:26:53.887Z - debug:  [04872] TFVC Creating Tfvc object with localPath='undefined'
2026-05-28T15:26:53.888Z - debug:  [04872] Using TFS proxy: 
2026-05-28T15:26:53.888Z - debug:  [04872] TFVC Retrieved from settings; localPath='C:\TEE\TEE-CLC-14.114.0\tf.cmd'
2026-05-28T15:26:53.899Z - debug:  [04872] TFVC Repository created with repositoryRootFolder='c:\Users\aharo\Kosstech\OneDrive - Strategic Integration Technologies\AI Navigator LWC\ReactFiles\AI-NavLWC'
2026-05-28T15:26:53.901Z - debug:  [04872] TFVC Repository.CheckVersion
2026-05-28T15:26:53.902Z - debug:  [04872] TFVC: tf add -noprompt -?
2026-05-28T15:26:53.904Z - error:  [04872] spawn EINVAL
2026-05-29T00:26:33.181Z - info:   [15464] *** FOLDER: c:\Users\aharo\Kosstech\OneDrive - Strategic Integration Technologies\AI Navigator LWC\ReactFiles\AI-NavLWC ***
2026-05-29T00:26:33.182Z - info:   [15464] AzureReposVSCode/1.161.0 (VSCode 1.121.0; Windows_NT 10.0.26200; Node 22.22.1)
2026-05-29T00:26:33.183Z - debug:  [15464] Looking for an External Context at c:\Users\aharo\Kosstech\OneDrive - Strategic Integration Technologies\AI Navigator LWC\ReactFiles\AI-NavLWC
2026-05-29T00:26:33.183Z - debug:  [15464] No External Context at c:\Users\aharo\Kosstech\OneDrive - Strategic Integration Technologies\AI Navigator LWC\ReactFiles\AI-NavLWC
2026-05-29T00:26:33.203Z - debug:  [15464] Looking for TFVC repository at c:\Users\aharo\Kosstech\OneDrive - Strategic Integration Technologies\AI Navigator LWC\ReactFiles\AI-NavLWC
2026-05-29T00:26:33.204Z - debug:  [15464] TFVC Creating Tfvc object with localPath='undefined'
2026-05-29T00:26:33.206Z - debug:  [15464] Using TFS proxy: 
2026-05-29T00:26:33.206Z - debug:  [15464] TFVC Retrieved from settings; localPath='C:\TEE\TEE-CLC-14.114.0\tf.cmd'
2026-05-29T00:26:33.209Z - debug:  [15464] TFVC Repository created with repositoryRootFolder='c:\Users\aharo\Kosstech\OneDrive - Strategic Integration Technologies\AI Navigator LWC\ReactFiles\AI-NavLWC'
2026-05-29T00:26:33.211Z - debug:  [15464] TFVC Repository.CheckVersion
2026-05-29T00:26:33.216Z - debug:  [15464] TFVC: tf add -noprompt -?
2026-05-29T00:26:33.223Z - error:  [15464] spawn EINVAL
2026-05-29T15:07:02.962Z - info:   [25892] *** FOLDER: c:\Users\aharo\Kosstech\OneDrive - Strategic Integration Technologies\AI Navigator LWC\ReactFiles\AI-NavLWC ***
2026-05-29T15:07:02.974Z - info:   [25892] AzureReposVSCode/1.161.0 (VSCode 1.121.0; Windows_NT 10.0.26200; Node 22.22.1)
2026-05-29T15:07:02.985Z - debug:  [25892] Looking for an External Context at c:\Users\aharo\Kosstech\OneDrive - Strategic Integration Technologies\AI Navigator LWC\ReactFiles\AI-NavLWC
2026-05-29T15:07:02.989Z - debug:  [25892] No External Context at c:\Users\aharo\Kosstech\OneDrive - Strategic Integration Technologies\AI Navigator LWC\ReactFiles\AI-NavLWC
2026-05-29T15:07:03.136Z - debug:  [25892] Looking for TFVC repository at c:\Users\aharo\Kosstech\OneDrive - Strategic Integration Technologies\AI Navigator LWC\ReactFiles\AI-NavLWC
2026-05-29T15:07:03.148Z - debug:  [25892] TFVC Creating Tfvc object with localPath='undefined'
2026-05-29T15:07:03.168Z - debug:  [25892] Using TFS proxy: 
2026-05-29T15:07:03.173Z - debug:  [25892] TFVC Retrieved from settings; localPath='C:\TEE\TEE-CLC-14.114.0\tf.cmd'
2026-05-29T15:07:03.201Z - debug:  [25892] TFVC Repository created with repositoryRootFolder='c:\Users\aharo\Kosstech\OneDrive - Strategic Integration Technologies\AI Navigator LWC\ReactFiles\AI-NavLWC'
2026-05-29T15:07:03.241Z - debug:  [25892] TFVC Repository.CheckVersion
2026-05-29T15:07:03.244Z - debug:  [25892] TFVC: tf add -noprompt -?
2026-05-29T15:07:03.251Z - error:  [25892] spawn EINVAL
2026-06-02T18:13:32.679Z - info:   [08624] *** FOLDER: c:\Users\aharo\Kosstech\OneDrive - Strategic Integration Technologies\AI Navigator LWC\ReactFiles\AI-NavLWC ***
2026-06-02T18:13:32.681Z - info:   [08624] AzureReposVSCode/1.161.0 (VSCode 1.122.1; Windows_NT 10.0.26200; Node 22.22.1)
2026-06-02T18:13:32.682Z - debug:  [08624] Looking for an External Context at c:\Users\aharo\Kosstech\OneDrive - Strategic Integration Technologies\AI Navigator LWC\ReactFiles\AI-NavLWC
2026-06-02T18:13:32.682Z - debug:  [08624] No External Context at c:\Users\aharo\Kosstech\OneDrive - Strategic Integration Technologies\AI Navigator LWC\ReactFiles\AI-NavLWC
2026-06-02T18:13:32.707Z - debug:  [08624] Looking for TFVC repository at c:\Users\aharo\Kosstech\OneDrive - Strategic Integration Technologies\AI Navigator LWC\ReactFiles\AI-NavLWC
2026-06-02T18:13:32.708Z - debug:  [08624] TFVC Creating Tfvc object with localPath='undefined'
2026-06-02T18:13:32.709Z - debug:  [08624] Using TFS proxy: 
2026-06-02T18:13:32.709Z - debug:  [08624] TFVC Retrieved from settings; localPath='C:\TEE\TEE-CLC-14.114.0\tf.cmd'
2026-06-02T18:13:32.714Z - debug:  [08624] TFVC Repository created with repositoryRootFolder='c:\Users\aharo\Kosstech\OneDrive - Strategic Integration Technologies\AI Navigator LWC\ReactFiles\AI-NavLWC'
2026-06-02T18:13:32.716Z - debug:  [08624] TFVC Repository.CheckVersion
2026-06-02T18:13:32.718Z - debug:  [08624] TFVC: tf add -noprompt -?
2026-06-02T18:13:32.728Z - error:  [08624] spawn EINVAL
2026-06-16T00:45:47.929Z - info:   [10328] *** FOLDER: c:\Users\aharo\Kosstech\OneDrive - Strategic Integration Technologies\AI Navigator LWC\ReactFiles\AI-NavLWC ***
2026-06-16T00:45:47.930Z - info:   [10328] AzureReposVSCode/1.161.0 (VSCode 1.124.2; Windows_NT 10.0.26200; Node 24.15.0)
2026-06-16T00:45:47.931Z - debug:  [10328] Looking for an External Context at c:\Users\aharo\Kosstech\OneDrive - Strategic Integration Technologies\AI Navigator LWC\ReactFiles\AI-NavLWC
2026-06-16T00:45:47.932Z - debug:  [10328] No External Context at c:\Users\aharo\Kosstech\OneDrive - Strategic Integration Technologies\AI Navigator LWC\ReactFiles\AI-NavLWC
2026-06-16T00:45:48.009Z - debug:  [10328] Looking for TFVC repository at c:\Users\aharo\Kosstech\OneDrive - Strategic Integration Technologies\AI Navigator LWC\ReactFiles\AI-NavLWC
2026-06-16T00:45:48.009Z - debug:  [10328] TFVC Creating Tfvc object with localPath='undefined'
2026-06-16T00:45:48.022Z - debug:  [10328] Using TFS proxy: 
2026-06-16T00:45:48.023Z - debug:  [10328] TFVC Retrieved from settings; localPath='C:\TEE\TEE-CLC-14.114.0\tf.cmd'
2026-06-16T00:45:48.026Z - debug:  [10328] TFVC Repository created with repositoryRootFolder='c:\Users\aharo\Kosstech\OneDrive - Strategic Integration Technologies\AI Navigator LWC\ReactFiles\AI-NavLWC'
2026-06-16T00:45:48.039Z - debug:  [10328] TFVC Repository.CheckVersion
2026-06-16T00:45:48.040Z - debug:  [10328] TFVC: tf add -noprompt -?
2026-06-16T00:45:48.043Z - error:  [10328] spawn EINVAL
2026-06-16T16:40:29.564Z - info:   [02568] *** FOLDER: c:\Users\aharo\Kosstech\OneDrive - Strategic Integration Technologies\AI Navigator LWC\ReactFiles\AI-NavLWC ***
2026-06-16T16:40:29.568Z - info:   [02568] AzureReposVSCode/1.161.0 (VSCode 1.124.2; Windows_NT 10.0.26200; Node 24.15.0)
2026-06-16T16:40:29.570Z - debug:  [02568] Looking for an External Context at c:\Users\aharo\Kosstech\OneDrive - Strategic Integration Technologies\AI Navigator LWC\ReactFiles\AI-NavLWC
2026-06-16T16:40:29.570Z - debug:  [02568] No External Context at c:\Users\aharo\Kosstech\OneDrive - Strategic Integration Technologies\AI Navigator LWC\ReactFiles\AI-NavLWC
2026-06-16T16:40:29.643Z - debug:  [02568] Looking for TFVC repository at c:\Users\aharo\Kosstech\OneDrive - Strategic Integration Technologies\AI Navigator LWC\ReactFiles\AI-NavLWC
2026-06-16T16:40:29.644Z - debug:  [02568] TFVC Creating Tfvc object with localPath='undefined'
2026-06-16T16:40:29.657Z - debug:  [02568] Using TFS proxy: 
2026-06-16T16:40:29.657Z - debug:  [02568] TFVC Retrieved from settings; localPath='C:\TEE\TEE-CLC-14.114.0\tf.cmd'
2026-06-16T16:40:29.660Z - debug:  [02568] TFVC Repository created with repositoryRootFolder='c:\Users\aharo\Kosstech\OneDrive - Strategic Integration Technologies\AI Navigator LWC\ReactFiles\AI-NavLWC'
2026-06-16T16:40:29.670Z - debug:  [02568] TFVC Repository.CheckVersion
2026-06-16T16:40:29.671Z - debug:  [02568] TFVC: tf add -noprompt -?
2026-06-16T16:40:29.673Z - error:  [02568] spawn EINVAL
2026-06-17T14:52:28.959Z - info:   [12388] *** FOLDER: c:\Users\aharo\Kosstech\OneDrive - Strategic Integration Technologies\AI Navigator LWC\ReactFiles\AI-NavLWC ***
2026-06-17T14:52:28.963Z - info:   [12388] AzureReposVSCode/1.161.0 (VSCode 1.124.2; Windows_NT 10.0.26200; Node 24.15.0)
2026-06-17T14:52:28.964Z - debug:  [12388] Looking for an External Context at c:\Users\aharo\Kosstech\OneDrive - Strategic Integration Technologies\AI Navigator LWC\ReactFiles\AI-NavLWC
2026-06-17T14:52:28.964Z - debug:  [12388] No External Context at c:\Users\aharo\Kosstech\OneDrive - Strategic Integration Technologies\AI Navigator LWC\ReactFiles\AI-NavLWC
2026-06-17T14:52:29.068Z - debug:  [12388] Looking for TFVC repository at c:\Users\aharo\Kosstech\OneDrive - Strategic Integration Technologies\AI Navigator LWC\ReactFiles\AI-NavLWC
2026-06-17T14:52:29.069Z - debug:  [12388] TFVC Creating Tfvc object with localPath='undefined'
2026-06-17T14:52:29.121Z - debug:  [12388] Using TFS proxy: 
2026-06-17T14:52:29.122Z - debug:  [12388] TFVC Retrieved from settings; localPath='C:\TEE\TEE-CLC-14.114.0\tf.cmd'
2026-06-17T14:52:29.129Z - debug:  [12388] TFVC Repository created with repositoryRootFolder='c:\Users\aharo\Kosstech\OneDrive - Strategic Integration Technologies\AI Navigator LWC\ReactFiles\AI-NavLWC'
2026-06-17T14:52:29.144Z - debug:  [12388] TFVC Repository.CheckVersion
2026-06-17T14:52:29.146Z - debug:  [12388] TFVC: tf add -noprompt -?
2026-06-17T14:52:29.149Z - error:  [12388] spawn EINVAL
2026-06-22T17:09:48.837Z - info:   [07072] *** FOLDER: c:\Users\aharo\Kosstech\OneDrive - Strategic Integration Technologies\AI Navigator LWC\ReactFiles\AI-NavLWC ***
2026-06-22T17:09:48.838Z - info:   [07072] AzureReposVSCode/1.161.0 (VSCode 1.125.1; Windows_NT 10.0.26200; Node 24.15.0)
2026-06-22T17:09:48.844Z - debug:  [07072] Looking for an External Context at c:\Users\aharo\Kosstech\OneDrive - Strategic Integration Technologies\AI Navigator LWC\ReactFiles\AI-NavLWC
2026-06-22T17:09:48.845Z - debug:  [07072] No External Context at c:\Users\aharo\Kosstech\OneDrive - Strategic Integration Technologies\AI Navigator LWC\ReactFiles\AI-NavLWC
2026-06-22T17:09:49.010Z - debug:  [07072] Looking for TFVC repository at c:\Users\aharo\Kosstech\OneDrive - Strategic Integration Technologies\AI Navigator LWC\ReactFiles\AI-NavLWC
2026-06-22T17:09:49.010Z - debug:  [07072] TFVC Creating Tfvc object with localPath='undefined'
2026-06-22T17:09:49.030Z - debug:  [07072] Using TFS proxy: 
2026-06-22T17:09:49.032Z - debug:  [07072] TFVC Retrieved from settings; localPath='C:\TEE\TEE-CLC-14.114.0\tf.cmd'
2026-06-22T17:09:49.044Z - debug:  [07072] TFVC Repository created with repositoryRootFolder='c:\Users\aharo\Kosstech\OneDrive - Strategic Integration Technologies\AI Navigator LWC\ReactFiles\AI-NavLWC'
2026-06-22T17:09:49.067Z - debug:  [07072] TFVC Repository.CheckVersion
2026-06-22T17:09:49.068Z - debug:  [07072] TFVC: tf add -noprompt -?
2026-06-22T17:09:49.072Z - error:  [07072] spawn EINVAL
2026-06-23T13:33:59.493Z - info:   [12448] *** FOLDER: c:\Users\aharo\Kosstech\OneDrive - Strategic Integration Technologies\AI Navigator LWC\ReactFiles\AI-NavLWC ***
2026-06-23T13:33:59.494Z - info:   [12448] AzureReposVSCode/1.161.0 (VSCode 1.125.1; Windows_NT 10.0.26200; Node 24.15.0)
2026-06-23T13:33:59.495Z - debug:  [12448] Looking for an External Context at c:\Users\aharo\Kosstech\OneDrive - Strategic Integration Technologies\AI Navigator LWC\ReactFiles\AI-NavLWC
2026-06-23T13:33:59.495Z - debug:  [12448] No External Context at c:\Users\aharo\Kosstech\OneDrive - Strategic Integration Technologies\AI Navigator LWC\ReactFiles\AI-NavLWC
2026-06-23T13:33:59.547Z - debug:  [12448] Looking for TFVC repository at c:\Users\aharo\Kosstech\OneDrive - Strategic Integration Technologies\AI Navigator LWC\ReactFiles\AI-NavLWC
2026-06-23T13:33:59.548Z - debug:  [12448] TFVC Creating Tfvc object with localPath='undefined'
2026-06-23T13:33:59.559Z - debug:  [12448] Using TFS proxy: 
2026-06-23T13:33:59.560Z - debug:  [12448] TFVC Retrieved from settings; localPath='C:\TEE\TEE-CLC-14.114.0\tf.cmd'
2026-06-23T13:33:59.563Z - debug:  [12448] TFVC Repository created with repositoryRootFolder='c:\Users\aharo\Kosstech\OneDrive - Strategic Integration Technologies\AI Navigator LWC\ReactFiles\AI-NavLWC'
2026-06-23T13:33:59.575Z - debug:  [12448] TFVC Repository.CheckVersion
2026-06-23T13:33:59.576Z - debug:  [12448] TFVC: tf add -noprompt -?
2026-06-23T13:33:59.578Z - error:  [12448] spawn EINVAL
2026-06-24T21:43:22.528Z - info:   [20276] *** FOLDER: c:\Users\aharo\Kosstech\OneDrive - Strategic Integration Technologies\AI Navigator LWC\ReactFiles\AI-NavLWC ***
2026-06-24T21:43:22.530Z - info:   [20276] AzureReposVSCode/1.161.0 (VSCode 1.125.1; Windows_NT 10.0.26200; Node 24.15.0)
2026-06-24T21:43:22.531Z - debug:  [20276] Looking for an External Context at c:\Users\aharo\Kosstech\OneDrive - Strategic Integration Technologies\AI Navigator LWC\ReactFiles\AI-NavLWC
2026-06-24T21:43:22.531Z - debug:  [20276] No External Context at c:\Users\aharo\Kosstech\OneDrive - Strategic Integration Technologies\AI Navigator LWC\ReactFiles\AI-NavLWC
2026-06-24T21:43:22.649Z - debug:  [20276] Looking for TFVC repository at c:\Users\aharo\Kosstech\OneDrive - Strategic Integration Technologies\AI Navigator LWC\ReactFiles\AI-NavLWC
2026-06-24T21:43:22.649Z - debug:  [20276] TFVC Creating Tfvc object with localPath='undefined'
2026-06-24T21:43:22.664Z - debug:  [20276] Using TFS proxy: 
2026-06-24T21:43:22.664Z - debug:  [20276] TFVC Retrieved from settings; localPath='C:\TEE\TEE-CLC-14.114.0\tf.cmd'
2026-06-24T21:43:22.668Z - debug:  [20276] TFVC Repository created with repositoryRootFolder='c:\Users\aharo\Kosstech\OneDrive - Strategic Integration Technologies\AI Navigator LWC\ReactFiles\AI-NavLWC'
2026-06-24T21:43:22.684Z - debug:  [20276] TFVC Repository.CheckVersion
2026-06-24T21:43:22.686Z - debug:  [20276] TFVC: tf add -noprompt -?
2026-06-24T21:43:22.690Z - error:  [20276] spawn EINVAL
2026-06-27T22:07:52.196Z - info:   [15448] *** FOLDER: c:\Users\aharo\Kosstech\OneDrive - Strategic Integration Technologies\AI Navigator LWC\ReactFiles\AI-NavLWC ***
2026-06-27T22:07:52.197Z - info:   [15448] AzureReposVSCode/1.161.0 (VSCode 1.125.1; Windows_NT 10.0.26200; Node 24.15.0)
2026-06-27T22:07:52.197Z - debug:  [15448] Looking for an External Context at c:\Users\aharo\Kosstech\OneDrive - Strategic Integration Technologies\AI Navigator LWC\ReactFiles\AI-NavLWC
2026-06-27T22:07:52.198Z - debug:  [15448] No External Context at c:\Users\aharo\Kosstech\OneDrive - Strategic Integration Technologies\AI Navigator LWC\ReactFiles\AI-NavLWC
2026-06-27T22:07:52.247Z - debug:  [15448] Looking for TFVC repository at c:\Users\aharo\Kosstech\OneDrive - Strategic Integration Technologies\AI Navigator LWC\ReactFiles\AI-NavLWC
2026-06-27T22:07:52.247Z - debug:  [15448] TFVC Creating Tfvc object with localPath='undefined'
2026-06-27T22:07:52.255Z - debug:  [15448] Using TFS proxy: 
2026-06-27T22:07:52.255Z - debug:  [15448] TFVC Retrieved from settings; localPath='C:\TEE\TEE-CLC-14.114.0\tf.cmd'
2026-06-27T22:07:52.257Z - debug:  [15448] TFVC Repository created with repositoryRootFolder='c:\Users\aharo\Kosstech\OneDrive - Strategic Integration Technologies\AI Navigator LWC\ReactFiles\AI-NavLWC'
2026-06-27T22:07:52.266Z - debug:  [15448] TFVC Repository.CheckVersion
2026-06-27T22:07:52.267Z - debug:  [15448] TFVC: tf add -noprompt -?
2026-06-27T22:07:52.269Z - error:  [15448] spawn EINVAL
2026-06-29T20:54:53.398Z - info:   [23660] *** FOLDER: c:\Users\aharo\Kosstech\OneDrive - Strategic Integration Technologies\AI Navigator LWC\ReactFiles\AI-NavLWC ***
2026-06-29T20:54:53.399Z - info:   [23660] AzureReposVSCode/1.161.0 (VSCode 1.126.0; Windows_NT 10.0.26200; Node 24.15.0)
2026-06-29T20:54:53.400Z - debug:  [23660] Looking for an External Context at c:\Users\aharo\Kosstech\OneDrive - Strategic Integration Technologies\AI Navigator LWC\ReactFiles\AI-NavLWC
2026-06-29T20:54:53.400Z - debug:  [23660] No External Context at c:\Users\aharo\Kosstech\OneDrive - Strategic Integration Technologies\AI Navigator LWC\ReactFiles\AI-NavLWC
2026-06-29T20:54:53.447Z - debug:  [23660] Looking for TFVC repository at c:\Users\aharo\Kosstech\OneDrive - Strategic Integration Technologies\AI Navigator LWC\ReactFiles\AI-NavLWC
2026-06-29T20:54:53.447Z - debug:  [23660] TFVC Creating Tfvc object with localPath='undefined'
2026-06-29T20:54:53.460Z - debug:  [23660] Using TFS proxy: 
2026-06-29T20:54:53.461Z - debug:  [23660] TFVC Retrieved from settings; localPath='C:\TEE\TEE-CLC-14.114.0\tf.cmd'
2026-06-29T20:54:53.462Z - debug:  [23660] TFVC Repository created with repositoryRootFolder='c:\Users\aharo\Kosstech\OneDrive - Strategic Integration Technologies\AI Navigator LWC\ReactFiles\AI-NavLWC'
2026-06-29T20:54:53.475Z - debug:  [23660] TFVC Repository.CheckVersion
2026-06-29T20:54:53.476Z - debug:  [23660] TFVC: tf add -noprompt -?
2026-06-29T20:54:53.477Z - error:  [23660] spawn EINVAL
2026-06-30T17:54:29.455Z - info:   [13496] *** FOLDER: c:\Users\aharo\Kosstech\OneDrive - Strategic Integration Technologies\AI Navigator LWC\ReactFiles\AI-NavLWC ***
2026-06-30T17:54:29.456Z - info:   [13496] AzureReposVSCode/1.161.0 (VSCode 1.126.0; Windows_NT 10.0.26200; Node 24.15.0)
2026-06-30T17:54:29.457Z - debug:  [13496] Looking for an External Context at c:\Users\aharo\Kosstech\OneDrive - Strategic Integration Technologies\AI Navigator LWC\ReactFiles\AI-NavLWC
2026-06-30T17:54:29.458Z - debug:  [13496] No External Context at c:\Users\aharo\Kosstech\OneDrive - Strategic Integration Technologies\AI Navigator LWC\ReactFiles\AI-NavLWC
2026-06-30T17:54:29.503Z - debug:  [13496] Looking for TFVC repository at c:\Users\aharo\Kosstech\OneDrive - Strategic Integration Technologies\AI Navigator LWC\ReactFiles\AI-NavLWC
2026-06-30T17:54:29.504Z - debug:  [13496] TFVC Creating Tfvc object with localPath='undefined'
2026-06-30T17:54:29.517Z - debug:  [13496] Using TFS proxy: 
2026-06-30T17:54:29.517Z - debug:  [13496] TFVC Retrieved from settings; localPath='C:\TEE\TEE-CLC-14.114.0\tf.cmd'
2026-06-30T17:54:29.520Z - debug:  [13496] TFVC Repository created with repositoryRootFolder='c:\Users\aharo\Kosstech\OneDrive - Strategic Integration Technologies\AI Navigator LWC\ReactFiles\AI-NavLWC'
2026-06-30T17:54:29.534Z - debug:  [13496] TFVC Repository.CheckVersion
2026-06-30T17:54:29.535Z - debug:  [13496] TFVC: tf add -noprompt -?
2026-06-30T17:54:29.539Z - error:  [13496] spawn EINVAL
2026-07-06T12:03:38.991Z - info:   [06648] *** FOLDER: c:\Users\aharo\Kosstech\OneDrive - Strategic Integration Technologies\AI Navigator LWC\ReactFiles\AI-NavLWC ***
2026-07-06T12:03:38.992Z - info:   [06648] AzureReposVSCode/1.161.0 (VSCode 1.127.0; Windows_NT 10.0.26200; Node 24.15.0)
2026-07-06T12:03:38.993Z - debug:  [06648] Looking for an External Context at c:\Users\aharo\Kosstech\OneDrive - Strategic Integration Technologies\AI Navigator LWC\ReactFiles\AI-NavLWC
2026-07-06T12:03:38.993Z - debug:  [06648] No External Context at c:\Users\aharo\Kosstech\OneDrive - Strategic Integration Technologies\AI Navigator LWC\ReactFiles\AI-NavLWC
2026-07-06T12:03:39.048Z - debug:  [06648] Looking for TFVC repository at c:\Users\aharo\Kosstech\OneDrive - Strategic Integration Technologies\AI Navigator LWC\ReactFiles\AI-NavLWC
2026-07-06T12:03:39.049Z - debug:  [06648] TFVC Creating Tfvc object with localPath='undefined'
2026-07-06T12:03:39.059Z - debug:  [06648] Using TFS proxy: 
2026-07-06T12:03:39.059Z - debug:  [06648] TFVC Retrieved from settings; localPath='C:\TEE\TEE-CLC-14.114.0\tf.cmd'
2026-07-06T12:03:39.062Z - debug:  [06648] TFVC Repository created with repositoryRootFolder='c:\Users\aharo\Kosstech\OneDrive - Strategic Integration Technologies\AI Navigator LWC\ReactFiles\AI-NavLWC'
2026-07-06T12:03:39.071Z - debug:  [06648] TFVC Repository.CheckVersion
2026-07-06T12:03:39.072Z - debug:  [06648] TFVC: tf add -noprompt -?
2026-07-06T12:03:39.074Z - error:  [06648] spawn EINVAL
2026-07-07T14:16:10.377Z - info:   [12000] *** FOLDER: c:\Users\aharo\Kosstech\OneDrive - Strategic Integration Technologies\AI Navigator LWC\ReactFiles\AI-NavLWC ***
2026-07-07T14:16:10.377Z - info:   [12000] AzureReposVSCode/1.161.0 (VSCode 1.127.0; Windows_NT 10.0.26200; Node 24.15.0)
2026-07-07T14:16:10.378Z - debug:  [12000] Looking for an External Context at c:\Users\aharo\Kosstech\OneDrive - Strategic Integration Technologies\AI Navigator LWC\ReactFiles\AI-NavLWC
2026-07-07T14:16:10.378Z - debug:  [12000] No External Context at c:\Users\aharo\Kosstech\OneDrive - Strategic Integration Technologies\AI Navigator LWC\ReactFiles\AI-NavLWC
2026-07-07T14:16:10.426Z - debug:  [12000] Looking for TFVC repository at c:\Users\aharo\Kosstech\OneDrive - Strategic Integration Technologies\AI Navigator LWC\ReactFiles\AI-NavLWC
2026-07-07T14:16:10.426Z - debug:  [12000] TFVC Creating Tfvc object with localPath='undefined'
2026-07-07T14:16:10.435Z - debug:  [12000] Using TFS proxy: 
2026-07-07T14:16:10.435Z - debug:  [12000] TFVC Retrieved from settings; localPath='C:\TEE\TEE-CLC-14.114.0\tf.cmd'
2026-07-07T14:16:10.439Z - debug:  [12000] TFVC Repository created with repositoryRootFolder='c:\Users\aharo\Kosstech\OneDrive - Strategic Integration Technologies\AI Navigator LWC\ReactFiles\AI-NavLWC'
2026-07-07T14:16:10.486Z - debug:  [12000] TFVC Repository.CheckVersion
2026-07-07T14:16:10.486Z - debug:  [12000] TFVC: tf add -noprompt -?
2026-07-07T14:16:10.488Z - error:  [12000] spawn EINVAL
2026-07-09T11:16:29.959Z - info:   [20148] *** FOLDER: c:\Users\aharo\Kosstech\OneDrive - Strategic Integration Technologies\AI Navigator LWC\ReactFiles\AI-NavLWC ***
2026-07-09T11:16:29.960Z - info:   [20148] AzureReposVSCode/1.161.0 (VSCode 1.128.0; Windows_NT 10.0.26200; Node 24.17.0)
2026-07-09T11:16:29.961Z - debug:  [20148] Looking for an External Context at c:\Users\aharo\Kosstech\OneDrive - Strategic Integration Technologies\AI Navigator LWC\ReactFiles\AI-NavLWC
2026-07-09T11:16:29.962Z - debug:  [20148] No External Context at c:\Users\aharo\Kosstech\OneDrive - Strategic Integration Technologies\AI Navigator LWC\ReactFiles\AI-NavLWC
2026-07-09T11:16:30.061Z - debug:  [20148] Looking for TFVC repository at c:\Users\aharo\Kosstech\OneDrive - Strategic Integration Technologies\AI Navigator LWC\ReactFiles\AI-NavLWC
2026-07-09T11:16:30.062Z - debug:  [20148] TFVC Creating Tfvc object with localPath='undefined'
2026-07-09T11:16:30.090Z - debug:  [20148] Using TFS proxy: 
2026-07-09T11:16:30.091Z - debug:  [20148] TFVC Retrieved from settings; localPath='C:\TEE\TEE-CLC-14.114.0\tf.cmd'
2026-07-09T11:16:30.094Z - debug:  [20148] TFVC Repository created with repositoryRootFolder='c:\Users\aharo\Kosstech\OneDrive - Strategic Integration Technologies\AI Navigator LWC\ReactFiles\AI-NavLWC'
2026-07-09T11:16:30.115Z - debug:  [20148] TFVC Repository.CheckVersion
2026-07-09T11:16:30.118Z - debug:  [20148] TFVC: tf add -noprompt -?
2026-07-09T11:16:30.127Z - error:  [20148] spawn EINVAL
2026-07-10T11:13:04.942Z - info:   [22156] *** FOLDER: c:\Users\aharo\Kosstech\OneDrive - Strategic Integration Technologies\AI Navigator LWC\ReactFiles\AI-NavLWC ***
2026-07-10T11:13:04.943Z - info:   [22156] AzureReposVSCode/1.161.0 (VSCode 1.128.0; Windows_NT 10.0.26200; Node 24.17.0)
2026-07-10T11:13:04.944Z - debug:  [22156] Looking for an External Context at c:\Users\aharo\Kosstech\OneDrive - Strategic Integration Technologies\AI Navigator LWC\ReactFiles\AI-NavLWC
2026-07-10T11:13:04.944Z - debug:  [22156] No External Context at c:\Users\aharo\Kosstech\OneDrive - Strategic Integration Technologies\AI Navigator LWC\ReactFiles\AI-NavLWC
2026-07-10T11:13:05.018Z - debug:  [22156] Looking for TFVC repository at c:\Users\aharo\Kosstech\OneDrive - Strategic Integration Technologies\AI Navigator LWC\ReactFiles\AI-NavLWC
2026-07-10T11:13:05.018Z - debug:  [22156] TFVC Creating Tfvc object with localPath='undefined'
2026-07-10T11:13:05.028Z - debug:  [22156] Using TFS proxy: 
2026-07-10T11:13:05.029Z - debug:  [22156] TFVC Retrieved from settings; localPath='C:\TEE\TEE-CLC-14.114.0\tf.cmd'
2026-07-10T11:13:05.046Z - debug:  [22156] TFVC Repository created with repositoryRootFolder='c:\Users\aharo\Kosstech\OneDrive - Strategic Integration Technologies\AI Navigator LWC\ReactFiles\AI-NavLWC'
2026-07-10T11:13:05.056Z - debug:  [22156] TFVC Repository.CheckVersion
2026-07-10T11:13:05.057Z - debug:  [22156] TFVC: tf add -noprompt -?
2026-07-10T11:13:05.059Z - error:  [22156] spawn EINVAL
2026-07-15T02:47:58.005Z - info:   [15888] *** FOLDER: c:\Users\aharo\Kosstech\OneDrive - Strategic Integration Technologies\AI Navigator LWC\ReactFiles\AI-NavLWC ***
2026-07-15T02:47:58.007Z - info:   [15888] AzureReposVSCode/1.161.0 (VSCode 1.128.1; Windows_NT 10.0.26200; Node 24.17.0)
2026-07-15T02:47:58.008Z - debug:  [15888] Looking for an External Context at c:\Users\aharo\Kosstech\OneDrive - Strategic Integration Technologies\AI Navigator LWC\ReactFiles\AI-NavLWC
2026-07-15T02:47:58.009Z - debug:  [15888] No External Context at c:\Users\aharo\Kosstech\OneDrive - Strategic Integration Technologies\AI Navigator LWC\ReactFiles\AI-NavLWC
2026-07-15T02:47:59.810Z - debug:  [15888] Looking for TFVC repository at c:\Users\aharo\Kosstech\OneDrive - Strategic Integration Technologies\AI Navigator LWC\ReactFiles\AI-NavLWC
2026-07-15T02:47:59.811Z - debug:  [15888] TFVC Creating Tfvc object with localPath='undefined'
2026-07-15T02:47:59.876Z - debug:  [15888] Using TFS proxy: 
2026-07-15T02:47:59.877Z - debug:  [15888] TFVC Retrieved from settings; localPath='C:\TEE\TEE-CLC-14.114.0\tf.cmd'
2026-07-15T02:47:59.881Z - debug:  [15888] TFVC Repository created with repositoryRootFolder='c:\Users\aharo\Kosstech\OneDrive - Strategic Integration Technologies\AI Navigator LWC\ReactFiles\AI-NavLWC'
2026-07-15T02:47:59.966Z - debug:  [15888] TFVC Repository.CheckVersion
2026-07-15T02:47:59.967Z - debug:  [15888] TFVC: tf add -noprompt -?
2026-07-15T02:47:59.972Z - error:  [15888] spawn EINVAL
2026-07-15T15:24:19.168Z - info:   [16784] *** FOLDER: c:\Users\aharo\Kosstech\OneDrive - Strategic Integration Technologies\AI Navigator LWC\ReactFiles\AI-NavLWC ***
2026-07-15T15:24:19.175Z - info:   [16784] AzureReposVSCode/1.161.0 (VSCode 1.128.1; Windows_NT 10.0.26200; Node 24.17.0)
2026-07-15T15:24:19.192Z - debug:  [16784] Looking for an External Context at c:\Users\aharo\Kosstech\OneDrive - Strategic Integration Technologies\AI Navigator LWC\ReactFiles\AI-NavLWC
2026-07-15T15:24:19.194Z - debug:  [16784] No External Context at c:\Users\aharo\Kosstech\OneDrive - Strategic Integration Technologies\AI Navigator LWC\ReactFiles\AI-NavLWC
2026-07-15T15:24:19.524Z - debug:  [16784] Looking for TFVC repository at c:\Users\aharo\Kosstech\OneDrive - Strategic Integration Technologies\AI Navigator LWC\ReactFiles\AI-NavLWC
2026-07-15T15:24:19.525Z - debug:  [16784] TFVC Creating Tfvc object with localPath='undefined'
2026-07-15T15:24:19.555Z - debug:  [16784] Using TFS proxy: 
2026-07-15T15:24:19.556Z - debug:  [16784] TFVC Retrieved from settings; localPath='C:\TEE\TEE-CLC-14.114.0\tf.cmd'
2026-07-15T15:24:19.563Z - debug:  [16784] TFVC Repository created with repositoryRootFolder='c:\Users\aharo\Kosstech\OneDrive - Strategic Integration Technologies\AI Navigator LWC\ReactFiles\AI-NavLWC'
2026-07-15T15:24:19.584Z - debug:  [16784] TFVC Repository.CheckVersion
2026-07-15T15:24:19.586Z - debug:  [16784] TFVC: tf add -noprompt -?
2026-07-15T15:24:19.596Z - error:  [16784] spawn EINVAL
2026-07-20T17:49:56.615Z - info:   [04776] *** FOLDER: c:\Users\aharo\Kosstech\OneDrive - Strategic Integration Technologies\AI Navigator LWC\ReactFiles\AI-NavLWC ***
2026-07-20T17:49:56.617Z - info:   [04776] AzureReposVSCode/1.161.0 (VSCode 1.129.1; Windows_NT 10.0.26200; Node 24.18.0)
2026-07-20T17:49:56.618Z - debug:  [04776] Looking for an External Context at c:\Users\aharo\Kosstech\OneDrive - Strategic Integration Technologies\AI Navigator LWC\ReactFiles\AI-NavLWC
2026-07-20T17:49:56.619Z - debug:  [04776] No External Context at c:\Users\aharo\Kosstech\OneDrive - Strategic Integration Technologies\AI Navigator LWC\ReactFiles\AI-NavLWC
2026-07-20T17:49:56.671Z - debug:  [04776] Looking for TFVC repository at c:\Users\aharo\Kosstech\OneDrive - Strategic Integration Technologies\AI Navigator LWC\ReactFiles\AI-NavLWC
2026-07-20T17:49:56.671Z - debug:  [04776] TFVC Creating Tfvc object with localPath='undefined'
2026-07-20T17:49:56.684Z - debug:  [04776] Using TFS proxy: 
2026-07-20T17:49:56.684Z - debug:  [04776] TFVC Retrieved from settings; localPath='C:\TEE\TEE-CLC-14.114.0\tf.cmd'
2026-07-20T17:49:56.687Z - debug:  [04776] TFVC Repository created with repositoryRootFolder='c:\Users\aharo\Kosstech\OneDrive - Strategic Integration Technologies\AI Navigator LWC\ReactFiles\AI-NavLWC'
2026-07-20T17:49:56.700Z - debug:  [04776] TFVC Repository.CheckVersion
2026-07-20T17:49:56.702Z - debug:  [04776] TFVC: tf add -noprompt -?
2026-07-20T17:49:56.705Z - error:  [04776] spawn EINVAL
2026-07-22T22:26:35.787Z - info:   [11152] *** FOLDER: c:\Users\aharo\Kosstech\OneDrive - Strategic Integration Technologies\AI Navigator LWC\ReactFiles\AI-NavLWC ***
2026-07-22T22:26:35.804Z - info:   [11152] AzureReposVSCode/1.161.0 (VSCode 1.129.1; Windows_NT 10.0.26200; Node 24.18.0)
2026-07-22T22:26:35.818Z - debug:  [11152] Looking for an External Context at c:\Users\aharo\Kosstech\OneDrive - Strategic Integration Technologies\AI Navigator LWC\ReactFiles\AI-NavLWC
2026-07-22T22:26:35.823Z - debug:  [11152] No External Context at c:\Users\aharo\Kosstech\OneDrive - Strategic Integration Technologies\AI Navigator LWC\ReactFiles\AI-NavLWC
2026-07-22T22:26:35.921Z - debug:  [11152] Looking for TFVC repository at c:\Users\aharo\Kosstech\OneDrive - Strategic Integration Technologies\AI Navigator LWC\ReactFiles\AI-NavLWC
2026-07-22T22:26:35.922Z - debug:  [11152] TFVC Creating Tfvc object with localPath='undefined'
2026-07-22T22:26:35.951Z - debug:  [11152] Using TFS proxy: 
2026-07-22T22:26:35.952Z - debug:  [11152] TFVC Retrieved from settings; localPath='C:\TEE\TEE-CLC-14.114.0\tf.cmd'
2026-07-22T22:26:35.957Z - debug:  [11152] TFVC Repository created with repositoryRootFolder='c:\Users\aharo\Kosstech\OneDrive - Strategic Integration Technologies\AI Navigator LWC\ReactFiles\AI-NavLWC'
2026-07-22T22:26:35.990Z - debug:  [11152] TFVC Repository.CheckVersion
2026-07-22T22:26:35.997Z - debug:  [11152] TFVC: tf add -noprompt -?
2026-07-22T22:26:36.005Z - error:  [11152] spawn EINVAL
2026-07-30T02:47:16.055Z - info:   [08860] *** FOLDER: c:\Users\aharo\Kosstech\OneDrive - Strategic Integration Technologies\AI Navigator LWC\ReactFiles\AI-NavLWC ***
2026-07-30T02:47:16.058Z - info:   [08860] AzureReposVSCode/1.161.0 (VSCode 1.130.0; Windows_NT 10.0.26200; Node 24.18.0)
2026-07-30T02:47:16.061Z - debug:  [08860] Looking for an External Context at c:\Users\aharo\Kosstech\OneDrive - Strategic Integration Technologies\AI Navigator LWC\ReactFiles\AI-NavLWC
2026-07-30T02:47:16.072Z - debug:  [08860] No External Context at c:\Users\aharo\Kosstech\OneDrive - Strategic Integration Technologies\AI Navigator LWC\ReactFiles\AI-NavLWC
2026-07-30T02:47:16.198Z - debug:  [08860] Looking for TFVC repository at c:\Users\aharo\Kosstech\OneDrive - Strategic Integration Technologies\AI Navigator LWC\ReactFiles\AI-NavLWC
2026-07-30T02:47:16.199Z - debug:  [08860] TFVC Creating Tfvc object with localPath='undefined'
2026-07-30T02:47:16.295Z - debug:  [08860] Using TFS proxy: 
2026-07-30T02:47:16.296Z - debug:  [08860] TFVC Retrieved from settings; localPath='C:\TEE\TEE-CLC-14.114.0\tf.cmd'
2026-07-30T02:47:16.299Z - debug:  [08860] TFVC Repository created with repositoryRootFolder='c:\Users\aharo\Kosstech\OneDrive - Strategic Integration Technologies\AI Navigator LWC\ReactFiles\AI-NavLWC'
2026-07-30T02:47:16.510Z - debug:  [08860] TFVC Repository.CheckVersion
2026-07-30T02:47:16.528Z - debug:  [08860] TFVC: tf add -noprompt -?
2026-07-30T02:47:16.531Z - error:  [08860] spawn EINVAL
2026-08-13T17:59:18.282Z - info:   [11056] *** FOLDER: c:\Users\aharo\Kosstech\OneDrive - Strategic Integration Technologies\AI Navigator LWC\ReactFiles\AI-NavLWC ***
2026-08-13T17:59:18.284Z - info:   [11056] AzureReposVSCode/1.161.0 (VSCode 1.131.0; Windows_NT 10.0.26200; Node 24.18.0)
2026-08-13T17:59:18.285Z - debug:  [11056] Looking for an External Context at c:\Users\aharo\Kosstech\OneDrive - Strategic Integration Technologies\AI Navigator LWC\ReactFiles\AI-NavLWC
2026-08-13T17:59:18.286Z - debug:  [11056] No External Context at c:\Users\aharo\Kosstech\OneDrive - Strategic Integration Technologies\AI Navigator LWC\ReactFiles\AI-NavLWC
2026-08-13T17:59:18.399Z - debug:  [11056] Looking for TFVC repository at c:\Users\aharo\Kosstech\OneDrive - Strategic Integration Technologies\AI Navigator LWC\ReactFiles\AI-NavLWC
2026-08-13T17:59:18.400Z - debug:  [11056] TFVC Creating Tfvc object with localPath='undefined'
2026-08-13T17:59:18.413Z - debug:  [11056] Using TFS proxy: 
2026-08-13T17:59:18.414Z - debug:  [11056] TFVC Retrieved from settings; localPath='C:\TEE\TEE-CLC-14.114.0\tf.cmd'
2026-08-13T17:59:18.416Z - debug:  [11056] TFVC Repository created with repositoryRootFolder='c:\Users\aharo\Kosstech\OneDrive - Strategic Integration Technologies\AI Navigator LWC\ReactFiles\AI-NavLWC'
2026-08-13T17:59:18.431Z - debug:  [11056] TFVC Repository.CheckVersion
2026-08-13T17:59:18.432Z - debug:  [11056] TFVC: tf add -noprompt -?
2026-08-13T17:59:18.436Z - error:  [11056] spawn EINVAL
2026-08-13T18:02:12.054Z - info:   [18124] *** FOLDER: c:\Users\aharo\Kosstech\OneDrive - Strategic Integration Technologies\AI Navigator LWC\ReactFiles\AI-NavLWC ***
2026-08-13T18:02:12.055Z - info:   [18124] AzureReposVSCode/1.161.0 (VSCode 1.131.0; Windows_NT 10.0.26200; Node 24.18.0)
2026-08-13T18:02:12.056Z - debug:  [18124] Looking for an External Context at c:\Users\aharo\Kosstech\OneDrive - Strategic Integration Technologies\AI Navigator LWC\ReactFiles\AI-NavLWC
2026-08-13T18:02:12.057Z - debug:  [18124] No External Context at c:\Users\aharo\Kosstech\OneDrive - Strategic Integration Technologies\AI Navigator LWC\ReactFiles\AI-NavLWC
2026-08-13T18:02:12.068Z - debug:  [18124] Looking for TFVC repository at c:\Users\aharo\Kosstech\OneDrive - Strategic Integration Technologies\AI Navigator LWC\ReactFiles\AI-NavLWC
2026-08-13T18:02:12.068Z - debug:  [18124] TFVC Creating Tfvc object with localPath='undefined'
2026-08-13T18:02:12.078Z - debug:  [18124] Using TFS proxy: 
2026-08-13T18:02:12.079Z - debug:  [18124] TFVC Retrieved from settings; localPath='C:\TEE\TEE-CLC-14.114.0\tf.cmd'
2026-08-13T18:02:12.080Z - debug:  [18124] TFVC Repository created with repositoryRootFolder='c:\Users\aharo\Kosstech\OneDrive - Strategic Integration Technologies\AI Navigator LWC\ReactFiles\AI-NavLWC'
2026-08-13T18:02:12.089Z - debug:  [18124] TFVC Repository.CheckVersion
2026-08-13T18:02:12.090Z - debug:  [18124] TFVC: tf add -noprompt -?
2026-08-13T18:02:12.092Z - error:  [18124] spawn EINVAL
2026-08-16T14:34:23.170Z - info:   [27540] *** FOLDER: c:\Users\aharo\Kosstech\OneDrive - Strategic Integration Technologies\AI Navigator LWC\ReactFiles\AI-NavLWC ***
2026-08-16T14:34:23.183Z - info:   [27540] AzureReposVSCode/1.161.0 (VSCode 1.131.0; Windows_NT 10.0.26200; Node 24.18.0)
2026-08-16T14:34:23.188Z - debug:  [27540] Looking for an External Context at c:\Users\aharo\Kosstech\OneDrive - Strategic Integration Technologies\AI Navigator LWC\ReactFiles\AI-NavLWC
2026-08-16T14:34:23.200Z - debug:  [27540] No External Context at c:\Users\aharo\Kosstech\OneDrive - Strategic Integration Technologies\AI Navigator LWC\ReactFiles\AI-NavLWC
2026-08-16T14:34:23.386Z - debug:  [27540] Looking for TFVC repository at c:\Users\aharo\Kosstech\OneDrive - Strategic Integration Technologies\AI Navigator LWC\ReactFiles\AI-NavLWC
2026-08-16T14:34:23.390Z - debug:  [27540] TFVC Creating Tfvc object with localPath='undefined'
2026-08-16T14:34:23.432Z - debug:  [27540] Using TFS proxy: 
2026-08-16T14:34:23.438Z - debug:  [27540] TFVC Retrieved from settings; localPath='C:\TEE\TEE-CLC-14.114.0\tf.cmd'
2026-08-16T14:34:23.454Z - debug:  [27540] TFVC Repository created with repositoryRootFolder='c:\Users\aharo\Kosstech\OneDrive - Strategic Integration Technologies\AI Navigator LWC\ReactFiles\AI-NavLWC'
2026-08-16T14:34:23.500Z - debug:  [27540] TFVC Repository.CheckVersion
2026-08-16T14:34:23.504Z - debug:  [27540] TFVC: tf add -noprompt -?
2026-08-16T14:34:23.521Z - error:  [27540] spawn EINVAL
2026-08-16T15:13:03.165Z - info:   [01308] *** FOLDER: c:\Users\aharo\Kosstech\OneDrive - Strategic Integration Technologies\AI Navigator LWC\ReactFiles\AI-NavLWC ***
2026-08-16T15:13:03.174Z - info:   [01308] AzureReposVSCode/1.161.0 (VSCode 1.133.0; Windows_NT 10.0.26200; Node 24.18.0)
2026-08-16T15:13:03.176Z - debug:  [01308] Looking for an External Context at c:\Users\aharo\Kosstech\OneDrive - Strategic Integration Technologies\AI Navigator LWC\ReactFiles\AI-NavLWC
2026-08-16T15:13:03.177Z - debug:  [01308] No External Context at c:\Users\aharo\Kosstech\OneDrive - Strategic Integration Technologies\AI Navigator LWC\ReactFiles\AI-NavLWC
2026-08-16T15:13:03.347Z - debug:  [01308] Looking for TFVC repository at c:\Users\aharo\Kosstech\OneDrive - Strategic Integration Technologies\AI Navigator LWC\ReactFiles\AI-NavLWC
2026-08-16T15:13:03.355Z - debug:  [01308] TFVC Creating Tfvc object with localPath='undefined'
2026-08-16T15:13:03.381Z - debug:  [01308] Using TFS proxy: 
2026-08-16T15:13:03.385Z - debug:  [01308] TFVC Retrieved from settings; localPath='C:\TEE\TEE-CLC-14.114.0\tf.cmd'
2026-08-16T15:13:03.403Z - debug:  [01308] TFVC Repository created with repositoryRootFolder='c:\Users\aharo\Kosstech\OneDrive - Strategic Integration Technologies\AI Navigator LWC\ReactFiles\AI-NavLWC'
2026-08-16T15:13:03.499Z - debug:  [01308] TFVC Repository.CheckVersion
2026-08-16T15:13:03.506Z - debug:  [01308] TFVC: tf add -noprompt -?
2026-08-16T15:13:03.546Z - error:  [01308] spawn EINVAL
